10:43:35 **** Build of configuration Debug for project empty_project ****
make -j4 all 
arm-none-eabi-gcc "../USB_HOST/Target/usbh_conf.c" -mcpu=cortex-m4 -std=gnu11 -g3 -DUSE_HAL_DRIVER -DSTM32F446xx -DDEBUG -c -I../Core/Inc -I../Drivers/STM32F4xx_HAL_Driver/Inc -I../Drivers/STM32F4xx_HAL_Driver/Inc/Legacy -I../Drivers/CMSIS/Device/ST/STM32F4xx/Include -I../Drivers/CMSIS/Include -I../USB_HOST/App -I../USB_HOST/Target -I../Middlewares/Third_Party/FreeRTOS/Source/include -I../Middlewares/Third_Party/FreeRTOS/Source/CMSIS_RTOS_V2 -I../Middlewares/Third_Party/FreeRTOS/Source/portable/GCC/ARM_CM4F -I../Middlewares/ST/STM32_USB_Host_Library/Core/Inc -I../Middlewares/ST/STM32_USB_Host_Library/Class/MSC/Inc -O0 -ffunction-sections -fdata-sections -Wall -fstack-usage -MMD -MP -MF"USB_HOST/Target/usbh_conf.d" -MT"USB_HOST/Target/usbh_conf.o" --specs=nano.specs -mfpu=fpv4-sp-d16 -mfloat-abi=hard -mthumb -o "USB_HOST/Target/usbh_conf.o"
arm-none-eabi-gcc "../USB_HOST/Target/usbh_platform.c" -mcpu=cortex-m4 -std=gnu11 -g3 -DUSE_HAL_DRIVER -DSTM32F446xx -DDEBUG -c -I../Core/Inc -I../Drivers/STM32F4xx_HAL_Driver/Inc -I../Drivers/STM32F4xx_HAL_Driver/Inc/Legacy -I../Drivers/CMSIS/Device/ST/STM32F4xx/Include -I../Drivers/CMSIS/Include -I../USB_HOST/App -I../USB_HOST/Target -I../Middlewares/Third_Party/FreeRTOS/Source/include -I../Middlewares/Third_Party/FreeRTOS/Source/CMSIS_RTOS_V2 -I../Middlewares/Third_Party/FreeRTOS/Source/portable/GCC/ARM_CM4F -I../Middlewares/ST/STM32_USB_Host_Library/Core/Inc -I../Middlewares/ST/STM32_USB_Host_Library/Class/MSC/Inc -O0 -ffunction-sections -fdata-sections -Wall -fstack-usage -MMD -MP -MF"USB_HOST/Target/usbh_platform.d" -MT"USB_HOST/Target/usbh_platform.o" --specs=nano.specs -mfpu=fpv4-sp-d16 -mfloat-abi=hard -mthumb -o "USB_HOST/Target/usbh_platform.o"
arm-none-eabi-gcc "../USB_HOST/App/usb_host.c" -mcpu=cortex-m4 -std=gnu11 -g3 -DUSE_HAL_DRIVER -DSTM32F446xx -DDEBUG -c -I../Core/Inc -I../Drivers/STM32F4xx_HAL_Driver/Inc -I../Drivers/STM32F4xx_HAL_Driver/Inc/Legacy -I../Drivers/CMSIS/Device/ST/STM32F4xx/Include -I../Drivers/CMSIS/Include -I../USB_HOST/App -I../USB_HOST/Target -I../Middlewares/Third_Party/FreeRTOS/Source/include -I../Middlewares/Third_Party/FreeRTOS/Source/CMSIS_RTOS_V2 -I../Middlewares/Third_Party/FreeRTOS/Source/portable/GCC/ARM_CM4F -I../Middlewares/ST/STM32_USB_Host_Library/Core/Inc -I../Middlewares/ST/STM32_USB_Host_Library/Class/MSC/Inc -O0 -ffunction-sections -fdata-sections -Wall -fstack-usage -MMD -MP -MF"USB_HOST/App/usb_host.d" -MT"USB_HOST/App/usb_host.o" --specs=nano.specs -mfpu=fpv4-sp-d16 -mfloat-abi=hard -mthumb -o "USB_HOST/App/usb_host.o"
arm-none-eabi-gcc "../Middlewares/Third_Party/FreeRTOS/Source/portable/MemMang/heap_4.c" -mcpu=cortex-m4 -std=gnu11 -g3 -DUSE_HAL_DRIVER -DSTM32F446xx -DDEBUG -c -I../Core/Inc -I../Drivers/STM32F4xx_HAL_Driver/Inc -I../Drivers/STM32F4xx_HAL_Driver/Inc/Legacy -I../Drivers/CMSIS/Device/ST/STM32F4xx/Include -I../Drivers/CMSIS/Include -I../USB_HOST/App -I../USB_HOST/Target -I../Middlewares/Third_Party/FreeRTOS/Source/include -I../Middlewares/Third_Party/FreeRTOS/Source/CMSIS_RTOS_V2 -I../Middlewares/Third_Party/FreeRTOS/Source/portable/GCC/ARM_CM4F -I../Middlewares/ST/STM32_USB_Host_Library/Core/Inc -I../Middlewares/ST/STM32_USB_Host_Library/Class/MSC/Inc -O0 -ffunction-sections -fdata-sections -Wall -fstack-usage -MMD -MP -MF"Middlewares/Third_Party/FreeRTOS/Source/portable/MemMang/heap_4.d" -MT"Middlewares/Third_Party/FreeRTOS/Source/portable/MemMang/heap_4.o" --specs=nano.specs -mfpu=fpv4-sp-d16 -mfloat-abi=hard -mthumb -o "Middlewares/Third_Party/FreeRTOS/Source/portable/MemMang/heap_4.o"
arm-none-eabi-gcc "../Middlewares/Third_Party/FreeRTOS/Source/portable/GCC/ARM_CM4F/port.c" -mcpu=cortex-m4 -std=gnu11 -g3 -DUSE_HAL_DRIVER -DSTM32F446xx -DDEBUG -c -I../Core/Inc -I../Drivers/STM32F4xx_HAL_Driver/Inc -I../Drivers/STM32F4xx_HAL_Driver/Inc/Legacy -I../Drivers/CMSIS/Device/ST/STM32F4xx/Include -I../Drivers/CMSIS/Include -I../USB_HOST/App -I../USB_HOST/Target -I../Middlewares/Third_Party/FreeRTOS/Source/include -I../Middlewares/Third_Party/FreeRTOS/Source/CMSIS_RTOS_V2 -I../Middlewares/Third_Party/FreeRTOS/Source/portable/GCC/ARM_CM4F -I../Middlewares/ST/STM32_USB_Host_Library/Core/Inc -I../Middlewares/ST/STM32_USB_Host_Library/Class/MSC/Inc -O0 -ffunction-sections -fdata-sections -Wall -fstack-usage -MMD -MP -MF"Middlewares/Third_Party/FreeRTOS/Source/portable/GCC/ARM_CM4F/port.d" -MT"Middlewares/Third_Party/FreeRTOS/Source/portable/GCC/ARM_CM4F/port.o" --specs=nano.specs -mfpu=fpv4-sp-d16 -mfloat-abi=hard -mthumb -o "Middlewares/Third_Party/FreeRTOS/Source/portable/GCC/ARM_CM4F/port.o"
arm-none-eabi-gcc "../Middlewares/Third_Party/FreeRTOS/Source/CMSIS_RTOS_V2/cmsis_os2.c" -mcpu=cortex-m4 -std=gnu11 -g3 -DUSE_HAL_DRIVER -DSTM32F446xx -DDEBUG -c -I../Core/Inc -I../Drivers/STM32F4xx_HAL_Driver/Inc -I../Drivers/STM32F4xx_HAL_Driver/Inc/Legacy -I../Drivers/CMSIS/Device/ST/STM32F4xx/Include -I../Drivers/CMSIS/Include -I../USB_HOST/App -I../USB_HOST/Target -I../Middlewares/Third_Party/FreeRTOS/Source/include -I../Middlewares/Third_Party/FreeRTOS/Source/CMSIS_RTOS_V2 -I../Middlewares/Third_Party/FreeRTOS/Source/portable/GCC/ARM_CM4F -I../Middlewares/ST/STM32_USB_Host_Library/Core/Inc -I../Middlewares/ST/STM32_USB_Host_Library/Class/MSC/Inc -O0 -ffunction-sections -fdata-sections -Wall -fstack-usage -MMD -MP -MF"Middlewares/Third_Party/FreeRTOS/Source/CMSIS_RTOS_V2/cmsis_os2.d" -MT"Middlewares/Third_Party/FreeRTOS/Source/CMSIS_RTOS_V2/cmsis_os2.o" --specs=nano.specs -mfpu=fpv4-sp-d16 -mfloat-abi=hard -mthumb -o "Middlewares/Third_Party/FreeRTOS/Source/CMSIS_RTOS_V2/cmsis_os2.o"
arm-none-eabi-gcc "../Middlewares/Third_Party/FreeRTOS/Source/croutine.c" -mcpu=cortex-m4 -std=gnu11 -g3 -DUSE_HAL_DRIVER -DSTM32F446xx -DDEBUG -c -I../Core/Inc -I../Drivers/STM32F4xx_HAL_Driver/Inc -I../Drivers/STM32F4xx_HAL_Driver/Inc/Legacy -I../Drivers/CMSIS/Device/ST/STM32F4xx/Include -I../Drivers/CMSIS/Include -I../USB_HOST/App -I../USB_HOST/Target -I../Middlewares/Third_Party/FreeRTOS/Source/include -I../Middlewares/Third_Party/FreeRTOS/Source/CMSIS_RTOS_V2 -I../Middlewares/Third_Party/FreeRTOS/Source/portable/GCC/ARM_CM4F -I../Middlewares/ST/STM32_USB_Host_Library/Core/Inc -I../Middlewares/ST/STM32_USB_Host_Library/Class/MSC/Inc -O0 -ffunction-sections -fdata-sections -Wall -fstack-usage -MMD -MP -MF"Middlewares/Third_Party/FreeRTOS/Source/croutine.d" -MT"Middlewares/Third_Party/FreeRTOS/Source/croutine.o" --specs=nano.specs -mfpu=fpv4-sp-d16 -mfloat-abi=hard -mthumb -o "Middlewares/Third_Party/FreeRTOS/Source/croutine.o"
arm-none-eabi-gcc "../Middlewares/Third_Party/FreeRTOS/Source/event_groups.c" -mcpu=cortex-m4 -std=gnu11 -g3 -DUSE_HAL_DRIVER -DSTM32F446xx -DDEBUG -c -I../Core/Inc -I../Drivers/STM32F4xx_HAL_Driver/Inc -I../Drivers/STM32F4xx_HAL_Driver/Inc/Legacy -I../Drivers/CMSIS/Device/ST/STM32F4xx/Include -I../Drivers/CMSIS/Include -I../USB_HOST/App -I../USB_HOST/Target -I../Middlewares/Third_Party/FreeRTOS/Source/include -I../Middlewares/Third_Party/FreeRTOS/Source/CMSIS_RTOS_V2 -I../Middlewares/Third_Party/FreeRTOS/Source/portable/GCC/ARM_CM4F -I../Middlewares/ST/STM32_USB_Host_Library/Core/Inc -I../Middlewares/ST/STM32_USB_Host_Library/Class/MSC/Inc -O0 -ffunction-sections -fdata-sections -Wall -fstack-usage -MMD -MP -MF"Middlewares/Third_Party/FreeRTOS/Source/event_groups.d" -MT"Middlewares/Third_Party/FreeRTOS/Source/event_groups.o" --specs=nano.specs -mfpu=fpv4-sp-d16 -mfloat-abi=hard -mthumb -o "Middlewares/Third_Party/FreeRTOS/Source/event_groups.o"
arm-none-eabi-gcc "../Middlewares/Third_Party/FreeRTOS/Source/list.c" -mcpu=cortex-m4 -std=gnu11 -g3 -DUSE_HAL_DRIVER -DSTM32F446xx -DDEBUG -c -I../Core/Inc -I../Drivers/STM32F4xx_HAL_Driver/Inc -I../Drivers/STM32F4xx_HAL_Driver/Inc/Legacy -I../Drivers/CMSIS/Device/ST/STM32F4xx/Include -I../Drivers/CMSIS/Include -I../USB_HOST/App -I../USB_HOST/Target -I../Middlewares/Third_Party/FreeRTOS/Source/include -I../Middlewares/Third_Party/FreeRTOS/Source/CMSIS_RTOS_V2 -I../Middlewares/Third_Party/FreeRTOS/Source/portable/GCC/ARM_CM4F -I../Middlewares/ST/STM32_USB_Host_Library/Core/Inc -I../Middlewares/ST/STM32_USB_Host_Library/Class/MSC/Inc -O0 -ffunction-sections -fdata-sections -Wall -fstack-usage -MMD -MP -MF"Middlewares/Third_Party/FreeRTOS/Source/list.d" -MT"Middlewares/Third_Party/FreeRTOS/Source/list.o" --specs=nano.specs -mfpu=fpv4-sp-d16 -mfloat-abi=hard -mthumb -o "Middlewares/Third_Party/FreeRTOS/Source/list.o"
arm-none-eabi-gcc "../Middlewares/Third_Party/FreeRTOS/Source/queue.c" -mcpu=cortex-m4 -std=gnu11 -g3 -DUSE_HAL_DRIVER -DSTM32F446xx -DDEBUG -c -I../Core/Inc -I../Drivers/STM32F4xx_HAL_Driver/Inc -I../Drivers/STM32F4xx_HAL_Driver/Inc/Legacy -I../Drivers/CMSIS/Device/ST/STM32F4xx/Include -I../Drivers/CMSIS/Include -I../USB_HOST/App -I../USB_HOST/Target -I../Middlewares/Third_Party/FreeRTOS/Source/include -I../Middlewares/Third_Party/FreeRTOS/Source/CMSIS_RTOS_V2 -I../Middlewares/Third_Party/FreeRTOS/Source/portable/GCC/ARM_CM4F -I../Middlewares/ST/STM32_USB_Host_Library/Core/Inc -I../Middlewares/ST/STM32_USB_Host_Library/Class/MSC/Inc -O0 -ffunction-sections -fdata-sections -Wall -fstack-usage -MMD -MP -MF"Middlewares/Third_Party/FreeRTOS/Source/queue.d" -MT"Middlewares/Third_Party/FreeRTOS/Source/queue.o" --specs=nano.specs -mfpu=fpv4-sp-d16 -mfloat-abi=hard -mthumb -o "Middlewares/Third_Party/FreeRTOS/Source/queue.o"
arm-none-eabi-gcc "../Middlewares/Third_Party/FreeRTOS/Source/stream_buffer.c" -mcpu=cortex-m4 -std=gnu11 -g3 -DUSE_HAL_DRIVER -DSTM32F446xx -DDEBUG -c -I../Core/Inc -I../Drivers/STM32F4xx_HAL_Driver/Inc -I../Drivers/STM32F4xx_HAL_Driver/Inc/Legacy -I../Drivers/CMSIS/Device/ST/STM32F4xx/Include -I../Drivers/CMSIS/Include -I../USB_HOST/App -I../USB_HOST/Target -I../Middlewares/Third_Party/FreeRTOS/Source/include -I../Middlewares/Third_Party/FreeRTOS/Source/CMSIS_RTOS_V2 -I../Middlewares/Third_Party/FreeRTOS/Source/portable/GCC/ARM_CM4F -I../Middlewares/ST/STM32_USB_Host_Library/Core/Inc -I../Middlewares/ST/STM32_USB_Host_Library/Class/MSC/Inc -O0 -ffunction-sections -fdata-sections -Wall -fstack-usage -MMD -MP -MF"Middlewares/Third_Party/FreeRTOS/Source/stream_buffer.d" -MT"Middlewares/Third_Party/FreeRTOS/Source/stream_buffer.o" --specs=nano.specs -mfpu=fpv4-sp-d16 -mfloat-abi=hard -mthumb -o "Middlewares/Third_Party/FreeRTOS/Source/stream_buffer.o"
arm-none-eabi-gcc "../Middlewares/Third_Party/FreeRTOS/Source/tasks.c" -mcpu=cortex-m4 -std=gnu11 -g3 -DUSE_HAL_DRIVER -DSTM32F446xx -DDEBUG -c -I../Core/Inc -I../Drivers/STM32F4xx_HAL_Driver/Inc -I../Drivers/STM32F4xx_HAL_Driver/Inc/Legacy -I../Drivers/CMSIS/Device/ST/STM32F4xx/Include -I../Drivers/CMSIS/Include -I../USB_HOST/App -I../USB_HOST/Target -I../Middlewares/Third_Party/FreeRTOS/Source/include -I../Middlewares/Third_Party/FreeRTOS/Source/CMSIS_RTOS_V2 -I../Middlewares/Third_Party/FreeRTOS/Source/portable/GCC/ARM_CM4F -I../Middlewares/ST/STM32_USB_Host_Library/Core/Inc -I../Middlewares/ST/STM32_USB_Host_Library/Class/MSC/Inc -O0 -ffunction-sections -fdata-sections -Wall -fstack-usage -MMD -MP -MF"Middlewares/Third_Party/FreeRTOS/Source/tasks.d" -MT"Middlewares/Third_Party/FreeRTOS/Source/tasks.o" --specs=nano.specs -mfpu=fpv4-sp-d16 -mfloat-abi=hard -mthumb -o "Middlewares/Third_Party/FreeRTOS/Source/tasks.o"
arm-none-eabi-gcc "../Middlewares/Third_Party/FreeRTOS/Source/timers.c" -mcpu=cortex-m4 -std=gnu11 -g3 -DUSE_HAL_DRIVER -DSTM32F446xx -DDEBUG -c -I../Core/Inc -I../Drivers/STM32F4xx_HAL_Driver/Inc -I../Drivers/STM32F4xx_HAL_Driver/Inc/Legacy -I../Drivers/CMSIS/Device/ST/STM32F4xx/Include -I../Drivers/CMSIS/Include -I../USB_HOST/App -I../USB_HOST/Target -I../Middlewares/Third_Party/FreeRTOS/Source/include -I../Middlewares/Third_Party/FreeRTOS/Source/CMSIS_RTOS_V2 -I../Middlewares/Third_Party/FreeRTOS/Source/portable/GCC/ARM_CM4F -I../Middlewares/ST/STM32_USB_Host_Library/Core/Inc -I../Middlewares/ST/STM32_USB_Host_Library/Class/MSC/Inc -O0 -ffunction-sections -fdata-sections -Wall -fstack-usage -MMD -MP -MF"Middlewares/Third_Party/FreeRTOS/Source/timers.d" -MT"Middlewares/Third_Party/FreeRTOS/Source/timers.o" --specs=nano.specs -mfpu=fpv4-sp-d16 -mfloat-abi=hard -mthumb -o "Middlewares/Third_Party/FreeRTOS/Source/timers.o"
arm-none-eabi-gcc "../Middlewares/ST/STM32_USB_Host_Library/Core/Src/usbh_core.c" -mcpu=cortex-m4 -std=gnu11 -g3 -DUSE_HAL_DRIVER -DSTM32F446xx -DDEBUG -c -I../Core/Inc -I../Drivers/STM32F4xx_HAL_Driver/Inc -I../Drivers/STM32F4xx_HAL_Driver/Inc/Legacy -I../Drivers/CMSIS/Device/ST/STM32F4xx/Include -I../Drivers/CMSIS/Include -I../USB_HOST/App -I../USB_HOST/Target -I../Middlewares/Third_Party/FreeRTOS/Source/include -I../Middlewares/Third_Party/FreeRTOS/Source/CMSIS_RTOS_V2 -I../Middlewares/Third_Party/FreeRTOS/Source/portable/GCC/ARM_CM4F -I../Middlewares/ST/STM32_USB_Host_Library/Core/Inc -I../Middlewares/ST/STM32_USB_Host_Library/Class/MSC/Inc -O0 -ffunction-sections -fdata-sections -Wall -fstack-usage -MMD -MP -MF"Middlewares/ST/STM32_USB_Host_Library/Core/Src/usbh_core.d" -MT"Middlewares/ST/STM32_USB_Host_Library/Core/Src/usbh_core.o" --specs=nano.specs -mfpu=fpv4-sp-d16 -mfloat-abi=hard -mthumb -o "Middlewares/ST/STM32_USB_Host_Library/Core/Src/usbh_core.o"
arm-none-eabi-gcc "../Middlewares/ST/STM32_USB_Host_Library/Core/Src/usbh_ctlreq.c" -mcpu=cortex-m4 -std=gnu11 -g3 -DUSE_HAL_DRIVER -DSTM32F446xx -DDEBUG -c -I../Core/Inc -I../Drivers/STM32F4xx_HAL_Driver/Inc -I../Drivers/STM32F4xx_HAL_Driver/Inc/Legacy -I../Drivers/CMSIS/Device/ST/STM32F4xx/Include -I../Drivers/CMSIS/Include -I../USB_HOST/App -I../USB_HOST/Target -I../Middlewares/Third_Party/FreeRTOS/Source/include -I../Middlewares/Third_Party/FreeRTOS/Source/CMSIS_RTOS_V2 -I../Middlewares/Third_Party/FreeRTOS/Source/portable/GCC/ARM_CM4F -I../Middlewares/ST/STM32_USB_Host_Library/Core/Inc -I../Middlewares/ST/STM32_USB_Host_Library/Class/MSC/Inc -O0 -ffunction-sections -fdata-sections -Wall -fstack-usage -MMD -MP -MF"Middlewares/ST/STM32_USB_Host_Library/Core/Src/usbh_ctlreq.d" -MT"Middlewares/ST/STM32_USB_Host_Library/Core/Src/usbh_ctlreq.o" --specs=nano.specs -mfpu=fpv4-sp-d16 -mfloat-abi=hard -mthumb -o "Middlewares/ST/STM32_USB_Host_Library/Core/Src/usbh_ctlreq.o"
arm-none-eabi-gcc "../Middlewares/ST/STM32_USB_Host_Library/Core/Src/usbh_ioreq.c" -mcpu=cortex-m4 -std=gnu11 -g3 -DUSE_HAL_DRIVER -DSTM32F446xx -DDEBUG -c -I../Core/Inc -I../Drivers/STM32F4xx_HAL_Driver/Inc -I../Drivers/STM32F4xx_HAL_Driver/Inc/Legacy -I../Drivers/CMSIS/Device/ST/STM32F4xx/Include -I../Drivers/CMSIS/Include -I../USB_HOST/App -I../USB_HOST/Target -I../Middlewares/Third_Party/FreeRTOS/Source/include -I../Middlewares/Third_Party/FreeRTOS/Source/CMSIS_RTOS_V2 -I../Middlewares/Third_Party/FreeRTOS/Source/portable/GCC/ARM_CM4F -I../Middlewares/ST/STM32_USB_Host_Library/Core/Inc -I../Middlewares/ST/STM32_USB_Host_Library/Class/MSC/Inc -O0 -ffunction-sections -fdata-sections -Wall -fstack-usage -MMD -MP -MF"Middlewares/ST/STM32_USB_Host_Library/Core/Src/usbh_ioreq.d" -MT"Middlewares/ST/STM32_USB_Host_Library/Core/Src/usbh_ioreq.o" --specs=nano.specs -mfpu=fpv4-sp-d16 -mfloat-abi=hard -mthumb -o "Middlewares/ST/STM32_USB_Host_Library/Core/Src/usbh_ioreq.o"
arm-none-eabi-gcc "../Middlewares/ST/STM32_USB_Host_Library/Core/Src/usbh_pipes.c" -mcpu=cortex-m4 -std=gnu11 -g3 -DUSE_HAL_DRIVER -DSTM32F446xx -DDEBUG -c -I../Core/Inc -I../Drivers/STM32F4xx_HAL_Driver/Inc -I../Drivers/STM32F4xx_HAL_Driver/Inc/Legacy -I../Drivers/CMSIS/Device/ST/STM32F4xx/Include -I../Drivers/CMSIS/Include -I../USB_HOST/App -I../USB_HOST/Target -I../Middlewares/Third_Party/FreeRTOS/Source/include -I../Middlewares/Third_Party/FreeRTOS/Source/CMSIS_RTOS_V2 -I../Middlewares/Third_Party/FreeRTOS/Source/portable/GCC/ARM_CM4F -I../Middlewares/ST/STM32_USB_Host_Library/Core/Inc -I../Middlewares/ST/STM32_USB_Host_Library/Class/MSC/Inc -O0 -ffunction-sections -fdata-sections -Wall -fstack-usage -MMD -MP -MF"Middlewares/ST/STM32_USB_Host_Library/Core/Src/usbh_pipes.d" -MT"Middlewares/ST/STM32_USB_Host_Library/Core/Src/usbh_pipes.o" --specs=nano.specs -mfpu=fpv4-sp-d16 -mfloat-abi=hard -mthumb -o "Middlewares/ST/STM32_USB_Host_Library/Core/Src/usbh_pipes.o"
../Middlewares/ST/STM32_USB_Host_Library/Core/Src/usbh_core.c: In function 'USBH_ReEnumerate':
../Middlewares/ST/STM32_USB_Host_Library/Core/Src/usbh_core.c:443:64: warning: passing argument 4 of 'osMessageQueuePut' makes integer from pointer without a cast [-Wint-conversion]
   (void)osMessageQueuePut(phost->os_event, &phost->os_msg, 0U, NULL);
                                                                ^~~~
In file included from ../Middlewares/Third_Party/FreeRTOS/Source/CMSIS_RTOS_V2/cmsis_os.h:155:0,
                 from ../USB_HOST/Target/usbh_conf.h:98,
                 from ../Middlewares/ST/STM32_USB_Host_Library/Core/Inc/usbh_core.h:28,
                 from ../Middlewares/ST/STM32_USB_Host_Library/Core/Src/usbh_core.c:22:
../Middlewares/Third_Party/FreeRTOS/Source/CMSIS_RTOS_V2/cmsis_os2.h:689:12: note: expected 'uint32_t {aka long unsigned int}' but argument is of type 'void *'
 osStatus_t osMessageQueuePut (osMessageQueueId_t mq_id, const void *msg_ptr, uint8_t msg_prio, uint32_t timeout);
            ^~~~~~~~~~~~~~~~~
../Middlewares/ST/STM32_USB_Host_Library/Core/Src/usbh_core.c: In function 'USBH_Process':
../Middlewares/ST/STM32_USB_Host_Library/Core/Src/usbh_core.c:490:70: warning: passing argument 4 of 'osMessageQueuePut' makes integer from pointer without a cast [-Wint-conversion]
         (void)osMessageQueuePut(phost->os_event, &phost->os_msg, 0U, NULL);
                                                                      ^~~~
In file included from ../Middlewares/Third_Party/FreeRTOS/Source/CMSIS_RTOS_V2/cmsis_os.h:155:0,
                 from ../USB_HOST/Target/usbh_conf.h:98,
                 from ../Middlewares/ST/STM32_USB_Host_Library/Core/Inc/usbh_core.h:28,
                 from ../Middlewares/ST/STM32_USB_Host_Library/Core/Src/usbh_core.c:22:
../Middlewares/Third_Party/FreeRTOS/Source/CMSIS_RTOS_V2/cmsis_os2.h:689:12: note: expected 'uint32_t {aka long unsigned int}' but argument is of type 'void *'
 osStatus_t osMessageQueuePut (osMessageQueueId_t mq_id, const void *msg_ptr, uint8_t msg_prio, uint32_t timeout);
            ^~~~~~~~~~~~~~~~~
../Middlewares/ST/STM32_USB_Host_Library/Core/Src/usbh_core.c:531:68: warning: passing argument 4 of 'osMessageQueuePut' makes integer from pointer without a cast [-Wint-conversion]
       (void)osMessageQueuePut(phost->os_event, &phost->os_msg, 0U, NULL);
                                                                    ^~~~
In file included from ../Middlewares/Third_Party/FreeRTOS/Source/CMSIS_RTOS_V2/cmsis_os.h:155:0,
                 from ../USB_HOST/Target/usbh_conf.h:98,
                 from ../Middlewares/ST/STM32_USB_Host_Library/Core/Inc/usbh_core.h:28,
                 from ../Middlewares/ST/STM32_USB_Host_Library/Core/Src/usbh_core.c:22:
../Middlewares/Third_Party/FreeRTOS/Source/CMSIS_RTOS_V2/cmsis_os2.h:689:12: note: expected 'uint32_t {aka long unsigned int}' but argument is of type 'void *'
 osStatus_t osMessageQueuePut (osMessageQueueId_t mq_id, const void *msg_ptr, uint8_t msg_prio, uint32_t timeout);
            ^~~~~~~~~~~~~~~~~
../Middlewares/ST/STM32_USB_Host_Library/Core/Src/usbh_core.c:568:68: warning: passing argument 4 of 'osMessageQueuePut' makes integer from pointer without a cast [-Wint-conversion]
       (void)osMessageQueuePut(phost->os_event, &phost->os_msg, 0U, NULL);
                                                                    ^~~~
In file included from ../Middlewares/Third_Party/FreeRTOS/Source/CMSIS_RTOS_V2/cmsis_os.h:155:0,
                 from ../USB_HOST/Target/usbh_conf.h:98,
                 from ../Middlewares/ST/STM32_USB_Host_Library/Core/Inc/usbh_core.h:28,
                 from ../Middlewares/ST/STM32_USB_Host_Library/Core/Src/usbh_core.c:22:
../Middlewares/Third_Party/FreeRTOS/Source/CMSIS_RTOS_V2/cmsis_os2.h:689:12: note: expected 'uint32_t {aka long unsigned int}' but argument is of type 'void *'
 osStatus_t osMessageQueuePut (osMessageQueueId_t mq_id, const void *msg_ptr, uint8_t msg_prio, uint32_t timeout);
            ^~~~~~~~~~~~~~~~~
../Middlewares/ST/STM32_USB_Host_Library/Core/Src/usbh_core.c:597:70: warning: passing argument 4 of 'osMessageQueuePut' makes integer from pointer without a cast [-Wint-conversion]
         (void)osMessageQueuePut(phost->os_event, &phost->os_msg, 0U, NULL);
                                                                      ^~~~
In file included from ../Middlewares/Third_Party/FreeRTOS/Source/CMSIS_RTOS_V2/cmsis_os.h:155:0,
                 from ../USB_HOST/Target/usbh_conf.h:98,
                 from ../Middlewares/ST/STM32_USB_Host_Library/Core/Inc/usbh_core.h:28,
                 from ../Middlewares/ST/STM32_USB_Host_Library/Core/Src/usbh_core.c:22:
../Middlewares/Third_Party/FreeRTOS/Source/CMSIS_RTOS_V2/cmsis_os2.h:689:12: note: expected 'uint32_t {aka long unsigned int}' but argument is of type 'void *'
 osStatus_t osMessageQueuePut (osMessageQueueId_t mq_id, const void *msg_ptr, uint8_t msg_prio, uint32_t timeout);
            ^~~~~~~~~~~~~~~~~
../Middlewares/ST/STM32_USB_Host_Library/Core/Src/usbh_core.c:616:70: warning: passing argument 4 of 'osMessageQueuePut' makes integer from pointer without a cast [-Wint-conversion]
         (void)osMessageQueuePut(phost->os_event, &phost->os_msg, 0U, NULL);
                                                                      ^~~~
In file included from ../Middlewares/Third_Party/FreeRTOS/Source/CMSIS_RTOS_V2/cmsis_os.h:155:0,
                 from ../USB_HOST/Target/usbh_conf.h:98,
                 from ../Middlewares/ST/STM32_USB_Host_Library/Core/Inc/usbh_core.h:28,
                 from ../Middlewares/ST/STM32_USB_Host_Library/Core/Src/usbh_core.c:22:
../Middlewares/Third_Party/FreeRTOS/Source/CMSIS_RTOS_V2/cmsis_os2.h:689:12: note: expected 'uint32_t {aka long unsigned int}' but argument is of type 'void *'
 osStatus_t osMessageQueuePut (osMessageQueueId_t mq_id, const void *msg_ptr, uint8_t msg_prio, uint32_t timeout);
            ^~~~~~~~~~~~~~~~~
../Middlewares/ST/STM32_USB_Host_Library/Core/Src/usbh_core.c:636:68: warning: passing argument 4 of 'osMessageQueuePut' makes integer from pointer without a cast [-Wint-conversion]
       (void)osMessageQueuePut(phost->os_event, &phost->os_msg, 0U, NULL);
                                                                    ^~~~
In file included from ../Middlewares/Third_Party/FreeRTOS/Source/CMSIS_RTOS_V2/cmsis_os.h:155:0,
                 from ../USB_HOST/Target/usbh_conf.h:98,
                 from ../Middlewares/ST/STM32_USB_Host_Library/Core/Inc/usbh_core.h:28,
                 from ../Middlewares/ST/STM32_USB_Host_Library/Core/Src/usbh_core.c:22:
../Middlewares/Third_Party/FreeRTOS/Source/CMSIS_RTOS_V2/cmsis_os2.h:689:12: note: expected 'uint32_t {aka long unsigned int}' but argument is of type 'void *'
 osStatus_t osMessageQueuePut (osMessageQueueId_t mq_id, const void *msg_ptr, uint8_t msg_prio, uint32_t timeout);
            ^~~~~~~~~~~~~~~~~
../Middlewares/ST/STM32_USB_Host_Library/Core/Src/usbh_core.c:661:68: warning: passing argument 4 of 'osMessageQueuePut' makes integer from pointer without a cast [-Wint-conversion]
       (void)osMessageQueuePut(phost->os_event, &phost->os_msg, 0U, NULL);
                                                                    ^~~~
In file included from ../Middlewares/Third_Party/FreeRTOS/Source/CMSIS_RTOS_V2/cmsis_os.h:155:0,
                 from ../USB_HOST/Target/usbh_conf.h:98,
                 from ../Middlewares/ST/STM32_USB_Host_Library/Core/Inc/usbh_core.h:28,
                 from ../Middlewares/ST/STM32_USB_Host_Library/Core/Src/usbh_core.c:22:
../Middlewares/Third_Party/FreeRTOS/Source/CMSIS_RTOS_V2/cmsis_os2.h:689:12: note: expected 'uint32_t {aka long unsigned int}' but argument is of type 'void *'
 osStatus_t osMessageQueuePut (osMessageQueueId_t mq_id, const void *msg_ptr, uint8_t msg_prio, uint32_t timeout);
            ^~~~~~~~~~~~~~~~~
../Middlewares/ST/STM32_USB_Host_Library/Core/Src/usbh_core.c:713:68: warning: passing argument 4 of 'osMessageQueuePut' makes integer from pointer without a cast [-Wint-conversion]
       (void)osMessageQueuePut(phost->os_event, &phost->os_msg, 0U, NULL);
                                                                    ^~~~
In file included from ../Middlewares/Third_Party/FreeRTOS/Source/CMSIS_RTOS_V2/cmsis_os.h:155:0,
                 from ../USB_HOST/Target/usbh_conf.h:98,
                 from ../Middlewares/ST/STM32_USB_Host_Library/Core/Inc/usbh_core.h:28,
                 from ../Middlewares/ST/STM32_USB_Host_Library/Core/Src/usbh_core.c:22:
../Middlewares/Third_Party/FreeRTOS/Source/CMSIS_RTOS_V2/cmsis_os2.h:689:12: note: expected 'uint32_t {aka long unsigned int}' but argument is of type 'void *'
 osStatus_t osMessageQueuePut (osMessageQueueId_t mq_id, const void *msg_ptr, uint8_t msg_prio, uint32_t timeout);
            ^~~~~~~~~~~~~~~~~
../Middlewares/ST/STM32_USB_Host_Library/Core/Src/usbh_core.c:748:68: warning: passing argument 4 of 'osMessageQueuePut' makes integer from pointer without a cast [-Wint-conversion]
       (void)osMessageQueuePut(phost->os_event, &phost->os_msg, 0U, NULL);
                                                                    ^~~~
In file included from ../Middlewares/Third_Party/FreeRTOS/Source/CMSIS_RTOS_V2/cmsis_os.h:155:0,
                 from ../USB_HOST/Target/usbh_conf.h:98,
                 from ../Middlewares/ST/STM32_USB_Host_Library/Core/Inc/usbh_core.h:28,
                 from ../Middlewares/ST/STM32_USB_Host_Library/Core/Src/usbh_core.c:22:
../Middlewares/Third_Party/FreeRTOS/Source/CMSIS_RTOS_V2/cmsis_os2.h:689:12: note: expected 'uint32_t {aka long unsigned int}' but argument is of type 'void *'
 osStatus_t osMessageQueuePut (osMessageQueueId_t mq_id, const void *msg_ptr, uint8_t msg_prio, uint32_t timeout);
            ^~~~~~~~~~~~~~~~~
../Middlewares/ST/STM32_USB_Host_Library/Core/Src/usbh_core.c:797:68: warning: passing argument 4 of 'osMessageQueuePut' makes integer from pointer without a cast [-Wint-conversion]
       (void)osMessageQueuePut(phost->os_event, &phost->os_msg, 0U, NULL);
                                                                    ^~~~
In file included from ../Middlewares/Third_Party/FreeRTOS/Source/CMSIS_RTOS_V2/cmsis_os.h:155:0,
                 from ../USB_HOST/Target/usbh_conf.h:98,
                 from ../Middlewares/ST/STM32_USB_Host_Library/Core/Inc/usbh_core.h:28,
                 from ../Middlewares/ST/STM32_USB_Host_Library/Core/Src/usbh_core.c:22:
../Middlewares/Third_Party/FreeRTOS/Source/CMSIS_RTOS_V2/cmsis_os2.h:689:12: note: expected 'uint32_t {aka long unsigned int}' but argument is of type 'void *'
 osStatus_t osMessageQueuePut (osMessageQueueId_t mq_id, const void *msg_ptr, uint8_t msg_prio, uint32_t timeout);
            ^~~~~~~~~~~~~~~~~
../Middlewares/ST/STM32_USB_Host_Library/Core/Src/usbh_core.c: In function 'USBH_HandleEnum':
../Middlewares/ST/STM32_USB_Host_Library/Core/Src/usbh_core.c:1027:72: warning: passing argument 4 of 'osMessageQueuePut' makes integer from pointer without a cast [-Wint-conversion]
           (void)osMessageQueuePut(phost->os_event, &phost->os_msg, 0U, NULL);
                                                                        ^~~~
In file included from ../Middlewares/Third_Party/FreeRTOS/Source/CMSIS_RTOS_V2/cmsis_os.h:155:0,
                 from ../USB_HOST/Target/usbh_conf.h:98,
                 from ../Middlewares/ST/STM32_USB_Host_Library/Core/Inc/usbh_core.h:28,
                 from ../Middlewares/ST/STM32_USB_Host_Library/Core/Src/usbh_core.c:22:
../Middlewares/Third_Party/FreeRTOS/Source/CMSIS_RTOS_V2/cmsis_os2.h:689:12: note: expected 'uint32_t {aka long unsigned int}' but argument is of type 'void *'
 osStatus_t osMessageQueuePut (osMessageQueueId_t mq_id, const void *msg_ptr, uint8_t msg_prio, uint32_t timeout);
            ^~~~~~~~~~~~~~~~~
../Middlewares/ST/STM32_USB_Host_Library/Core/Src/usbh_core.c:1041:72: warning: passing argument 4 of 'osMessageQueuePut' makes integer from pointer without a cast [-Wint-conversion]
           (void)osMessageQueuePut(phost->os_event, &phost->os_msg, 0U, NULL);
                                                                        ^~~~
In file included from ../Middlewares/Third_Party/FreeRTOS/Source/CMSIS_RTOS_V2/cmsis_os.h:155:0,
                 from ../USB_HOST/Target/usbh_conf.h:98,
                 from ../Middlewares/ST/STM32_USB_Host_Library/Core/Inc/usbh_core.h:28,
                 from ../Middlewares/ST/STM32_USB_Host_Library/Core/Src/usbh_core.c:22:
../Middlewares/Third_Party/FreeRTOS/Source/CMSIS_RTOS_V2/cmsis_os2.h:689:12: note: expected 'uint32_t {aka long unsigned int}' but argument is of type 'void *'
 osStatus_t osMessageQueuePut (osMessageQueueId_t mq_id, const void *msg_ptr, uint8_t msg_prio, uint32_t timeout);
            ^~~~~~~~~~~~~~~~~
../Middlewares/ST/STM32_USB_Host_Library/Core/Src/usbh_core.c:1060:70: warning: passing argument 4 of 'osMessageQueuePut' makes integer from pointer without a cast [-Wint-conversion]
         (void)osMessageQueuePut(phost->os_event, &phost->os_msg, 0U, NULL);
                                                                      ^~~~
In file included from ../Middlewares/Third_Party/FreeRTOS/Source/CMSIS_RTOS_V2/cmsis_os.h:155:0,
                 from ../USB_HOST/Target/usbh_conf.h:98,
                 from ../Middlewares/ST/STM32_USB_Host_Library/Core/Inc/usbh_core.h:28,
                 from ../Middlewares/ST/STM32_USB_Host_Library/Core/Src/usbh_core.c:22:
../Middlewares/Third_Party/FreeRTOS/Source/CMSIS_RTOS_V2/cmsis_os2.h:689:12: note: expected 'uint32_t {aka long unsigned int}' but argument is of type 'void *'
 osStatus_t osMessageQueuePut (osMessageQueueId_t mq_id, const void *msg_ptr, uint8_t msg_prio, uint32_t timeout);
            ^~~~~~~~~~~~~~~~~
../Middlewares/ST/STM32_USB_Host_Library/Core/Src/usbh_core.c:1088:72: warning: passing argument 4 of 'osMessageQueuePut' makes integer from pointer without a cast [-Wint-conversion]
           (void)osMessageQueuePut(phost->os_event, &phost->os_msg, 0U, NULL);
                                                                        ^~~~
In file included from ../Middlewares/Third_Party/FreeRTOS/Source/CMSIS_RTOS_V2/cmsis_os.h:155:0,
                 from ../USB_HOST/Target/usbh_conf.h:98,
                 from ../Middlewares/ST/STM32_USB_Host_Library/Core/Inc/usbh_core.h:28,
                 from ../Middlewares/ST/STM32_USB_Host_Library/Core/Src/usbh_core.c:22:
../Middlewares/Third_Party/FreeRTOS/Source/CMSIS_RTOS_V2/cmsis_os2.h:689:12: note: expected 'uint32_t {aka long unsigned int}' but argument is of type 'void *'
 osStatus_t osMessageQueuePut (osMessageQueueId_t mq_id, const void *msg_ptr, uint8_t msg_prio, uint32_t timeout);
            ^~~~~~~~~~~~~~~~~
../Middlewares/ST/STM32_USB_Host_Library/Core/Src/usbh_core.c:1107:70: warning: passing argument 4 of 'osMessageQueuePut' makes integer from pointer without a cast [-Wint-conversion]
         (void)osMessageQueuePut(phost->os_event, &phost->os_msg, 0U, NULL);
                                                                      ^~~~
In file included from ../Middlewares/Third_Party/FreeRTOS/Source/CMSIS_RTOS_V2/cmsis_os.h:155:0,
                 from ../USB_HOST/Target/usbh_conf.h:98,
                 from ../Middlewares/ST/STM32_USB_Host_Library/Core/Inc/usbh_core.h:28,
                 from ../Middlewares/ST/STM32_USB_Host_Library/Core/Src/usbh_core.c:22:
../Middlewares/Third_Party/FreeRTOS/Source/CMSIS_RTOS_V2/cmsis_os2.h:689:12: note: expected 'uint32_t {aka long unsigned int}' but argument is of type 'void *'
 osStatus_t osMessageQueuePut (osMessageQueueId_t mq_id, const void *msg_ptr, uint8_t msg_prio, uint32_t timeout);
            ^~~~~~~~~~~~~~~~~
../Middlewares/ST/STM32_USB_Host_Library/Core/Src/usbh_core.c: In function 'USBH_LL_PortEnabled':
../Middlewares/ST/STM32_USB_Host_Library/Core/Src/usbh_core.c:1204:64: warning: passing argument 4 of 'osMessageQueuePut' makes integer from pointer without a cast [-Wint-conversion]
   (void)osMessageQueuePut(phost->os_event, &phost->os_msg, 0U, NULL);
                                                                ^~~~
In file included from ../Middlewares/Third_Party/FreeRTOS/Source/CMSIS_RTOS_V2/cmsis_os.h:155:0,
                 from ../USB_HOST/Target/usbh_conf.h:98,
                 from ../Middlewares/ST/STM32_USB_Host_Library/Core/Inc/usbh_core.h:28,
                 from ../Middlewares/ST/STM32_USB_Host_Library/Core/Src/usbh_core.c:22:
../Middlewares/Third_Party/FreeRTOS/Source/CMSIS_RTOS_V2/cmsis_os2.h:689:12: note: expected 'uint32_t {aka long unsigned int}' but argument is of type 'void *'
 osStatus_t osMessageQueuePut (osMessageQueueId_t mq_id, const void *msg_ptr, uint8_t msg_prio, uint32_t timeout);
            ^~~~~~~~~~~~~~~~~
../Middlewares/ST/STM32_USB_Host_Library/Core/Src/usbh_core.c: In function 'USBH_LL_Connect':
../Middlewares/ST/STM32_USB_Host_Library/Core/Src/usbh_core.c:1256:64: warning: passing argument 4 of 'osMessageQueuePut' makes integer from pointer without a cast [-Wint-conversion]
   (void)osMessageQueuePut(phost->os_event, &phost->os_msg, 0U, NULL);
                                                                ^~~~
In file included from ../Middlewares/Third_Party/FreeRTOS/Source/CMSIS_RTOS_V2/cmsis_os.h:155:0,
                 from ../USB_HOST/Target/usbh_conf.h:98,
                 from ../Middlewares/ST/STM32_USB_Host_Library/Core/Inc/usbh_core.h:28,
                 from ../Middlewares/ST/STM32_USB_Host_Library/Core/Src/usbh_core.c:22:
../Middlewares/Third_Party/FreeRTOS/Source/CMSIS_RTOS_V2/cmsis_os2.h:689:12: note: expected 'uint32_t {aka long unsigned int}' but argument is of type 'void *'
 osStatus_t osMessageQueuePut (osMessageQueueId_t mq_id, const void *msg_ptr, uint8_t msg_prio, uint32_t timeout);
            ^~~~~~~~~~~~~~~~~
../Middlewares/ST/STM32_USB_Host_Library/Core/Src/usbh_core.c: In function 'USBH_LL_Disconnect':
../Middlewares/ST/STM32_USB_Host_Library/Core/Src/usbh_core.c:1288:64: warning: passing argument 4 of 'osMessageQueuePut' makes integer from pointer without a cast [-Wint-conversion]
   (void)osMessageQueuePut(phost->os_event, &phost->os_msg, 0U, NULL);
                                                                ^~~~
In file included from ../Middlewares/Third_Party/FreeRTOS/Source/CMSIS_RTOS_V2/cmsis_os.h:155:0,
                 from ../USB_HOST/Target/usbh_conf.h:98,
                 from ../Middlewares/ST/STM32_USB_Host_Library/Core/Inc/usbh_core.h:28,
                 from ../Middlewares/ST/STM32_USB_Host_Library/Core/Src/usbh_core.c:22:
../Middlewares/Third_Party/FreeRTOS/Source/CMSIS_RTOS_V2/cmsis_os2.h:689:12: note: expected 'uint32_t {aka long unsigned int}' but argument is of type 'void *'
 osStatus_t osMessageQueuePut (osMessageQueueId_t mq_id, const void *msg_ptr, uint8_t msg_prio, uint32_t timeout);
            ^~~~~~~~~~~~~~~~~
../Middlewares/ST/STM32_USB_Host_Library/Core/Src/usbh_core.c: In function 'USBH_LL_NotifyURBChange':
../Middlewares/ST/STM32_USB_Host_Library/Core/Src/usbh_core.c:1348:64: warning: passing argument 4 of 'osMessageQueuePut' makes integer from pointer without a cast [-Wint-conversion]
   (void)osMessageQueuePut(phost->os_event, &phost->os_msg, 0U, NULL);
                                                                ^~~~
In file included from ../Middlewares/Third_Party/FreeRTOS/Source/CMSIS_RTOS_V2/cmsis_os.h:155:0,
                 from ../USB_HOST/Target/usbh_conf.h:98,
                 from ../Middlewares/ST/STM32_USB_Host_Library/Core/Inc/usbh_core.h:28,
                 from ../Middlewares/ST/STM32_USB_Host_Library/Core/Src/usbh_core.c:22:
../Middlewares/Third_Party/FreeRTOS/Source/CMSIS_RTOS_V2/cmsis_os2.h:689:12: note: expected 'uint32_t {aka long unsigned int}' but argument is of type 'void *'
 osStatus_t osMessageQueuePut (osMessageQueueId_t mq_id, const void *msg_ptr, uint8_t msg_prio, uint32_t timeout);
            ^~~~~~~~~~~~~~~~~
../Middlewares/ST/STM32_USB_Host_Library/Core/Src/usbh_ctlreq.c: In function 'USBH_CtlReq':
../Middlewares/ST/STM32_USB_Host_Library/Core/Src/usbh_ctlreq.c:566:68: warning: passing argument 4 of 'osMessageQueuePut' makes integer from pointer without a cast [-Wint-conversion]
       (void)osMessageQueuePut(phost->os_event, &phost->os_msg, 0U, NULL);
                                                                    ^~~~
In file included from ../Middlewares/Third_Party/FreeRTOS/Source/CMSIS_RTOS_V2/cmsis_os.h:155:0,
                 from ../USB_HOST/Target/usbh_conf.h:98,
                 from ../Middlewares/ST/STM32_USB_Host_Library/Core/Inc/usbh_core.h:28,
                 from ../Middlewares/ST/STM32_USB_Host_Library/Core/Inc/usbh_ctlreq.h:29,
                 from ../Middlewares/ST/STM32_USB_Host_Library/Core/Src/usbh_ctlreq.c:21:
../Middlewares/Third_Party/FreeRTOS/Source/CMSIS_RTOS_V2/cmsis_os2.h:689:12: note: expected 'uint32_t {aka long unsigned int}' but argument is of type 'void *'
 osStatus_t osMessageQueuePut (osMessageQueueId_t mq_id, const void *msg_ptr, uint8_t msg_prio, uint32_t timeout);
            ^~~~~~~~~~~~~~~~~
../Middlewares/ST/STM32_USB_Host_Library/Core/Src/usbh_ctlreq.c:593:68: warning: passing argument 4 of 'osMessageQueuePut' makes integer from pointer without a cast [-Wint-conversion]
       (void)osMessageQueuePut(phost->os_event, &phost->os_msg, 0U, NULL);
                                                                    ^~~~
In file included from ../Middlewares/Third_Party/FreeRTOS/Source/CMSIS_RTOS_V2/cmsis_os.h:155:0,
                 from ../USB_HOST/Target/usbh_conf.h:98,
                 from ../Middlewares/ST/STM32_USB_Host_Library/Core/Inc/usbh_core.h:28,
                 from ../Middlewares/ST/STM32_USB_Host_Library/Core/Inc/usbh_ctlreq.h:29,
                 from ../Middlewares/ST/STM32_USB_Host_Library/Core/Src/usbh_ctlreq.c:21:
../Middlewares/Third_Party/FreeRTOS/Source/CMSIS_RTOS_V2/cmsis_os2.h:689:12: note: expected 'uint32_t {aka long unsigned int}' but argument is of type 'void *'
 osStatus_t osMessageQueuePut (osMessageQueueId_t mq_id, const void *msg_ptr, uint8_t msg_prio, uint32_t timeout);
            ^~~~~~~~~~~~~~~~~
../Middlewares/ST/STM32_USB_Host_Library/Core/Src/usbh_ctlreq.c: In function 'USBH_HandleControl':
../Middlewares/ST/STM32_USB_Host_Library/Core/Src/usbh_ctlreq.c:670:70: warning: passing argument 4 of 'osMessageQueuePut' makes integer from pointer without a cast [-Wint-conversion]
         (void)osMessageQueuePut(phost->os_event, &phost->os_msg, 0U, NULL);
                                                                      ^~~~
In file included from ../Middlewares/Third_Party/FreeRTOS/Source/CMSIS_RTOS_V2/cmsis_os.h:155:0,
                 from ../USB_HOST/Target/usbh_conf.h:98,
                 from ../Middlewares/ST/STM32_USB_Host_Library/Core/Inc/usbh_core.h:28,
                 from ../Middlewares/ST/STM32_USB_Host_Library/Core/Inc/usbh_ctlreq.h:29,
                 from ../Middlewares/ST/STM32_USB_Host_Library/Core/Src/usbh_ctlreq.c:21:
../Middlewares/Third_Party/FreeRTOS/Source/CMSIS_RTOS_V2/cmsis_os2.h:689:12: note: expected 'uint32_t {aka long unsigned int}' but argument is of type 'void *'
 osStatus_t osMessageQueuePut (osMessageQueueId_t mq_id, const void *msg_ptr, uint8_t msg_prio, uint32_t timeout);
            ^~~~~~~~~~~~~~~~~
../Middlewares/ST/STM32_USB_Host_Library/Core/Src/usbh_ctlreq.c:685:72: warning: passing argument 4 of 'osMessageQueuePut' makes integer from pointer without a cast [-Wint-conversion]
           (void)osMessageQueuePut(phost->os_event, &phost->os_msg, 0U, NULL);
                                                                        ^~~~
In file included from ../Middlewares/Third_Party/FreeRTOS/Source/CMSIS_RTOS_V2/cmsis_os.h:155:0,
                 from ../USB_HOST/Target/usbh_conf.h:98,
                 from ../Middlewares/ST/STM32_USB_Host_Library/Core/Inc/usbh_core.h:28,
                 from ../Middlewares/ST/STM32_USB_Host_Library/Core/Inc/usbh_ctlreq.h:29,
                 from ../Middlewares/ST/STM32_USB_Host_Library/Core/Src/usbh_ctlreq.c:21:
../Middlewares/Third_Party/FreeRTOS/Source/CMSIS_RTOS_V2/cmsis_os2.h:689:12: note: expected 'uint32_t {aka long unsigned int}' but argument is of type 'void *'
 osStatus_t osMessageQueuePut (osMessageQueueId_t mq_id, const void *msg_ptr, uint8_t msg_prio, uint32_t timeout);
            ^~~~~~~~~~~~~~~~~
../Middlewares/ST/STM32_USB_Host_Library/Core/Src/usbh_ctlreq.c:715:70: warning: passing argument 4 of 'osMessageQueuePut' makes integer from pointer without a cast [-Wint-conversion]
         (void)osMessageQueuePut(phost->os_event, &phost->os_msg, 0U, NULL);
                                                                      ^~~~
In file included from ../Middlewares/Third_Party/FreeRTOS/Source/CMSIS_RTOS_V2/cmsis_os.h:155:0,
                 from ../USB_HOST/Target/usbh_conf.h:98,
                 from ../Middlewares/ST/STM32_USB_Host_Library/Core/Inc/usbh_core.h:28,
                 from ../Middlewares/ST/STM32_USB_Host_Library/Core/Inc/usbh_ctlreq.h:29,
                 from ../Middlewares/ST/STM32_USB_Host_Library/Core/Src/usbh_ctlreq.c:21:
../Middlewares/Third_Party/FreeRTOS/Source/CMSIS_RTOS_V2/cmsis_os2.h:689:12: note: expected 'uint32_t {aka long unsigned int}' but argument is of type 'void *'
 osStatus_t osMessageQueuePut (osMessageQueueId_t mq_id, const void *msg_ptr, uint8_t msg_prio, uint32_t timeout);
            ^~~~~~~~~~~~~~~~~
../Middlewares/ST/STM32_USB_Host_Library/Core/Src/usbh_ctlreq.c:731:70: warning: passing argument 4 of 'osMessageQueuePut' makes integer from pointer without a cast [-Wint-conversion]
         (void)osMessageQueuePut(phost->os_event, &phost->os_msg, 0U, NULL);
                                                                      ^~~~
In file included from ../Middlewares/Third_Party/FreeRTOS/Source/CMSIS_RTOS_V2/cmsis_os.h:155:0,
                 from ../USB_HOST/Target/usbh_conf.h:98,
                 from ../Middlewares/ST/STM32_USB_Host_Library/Core/Inc/usbh_core.h:28,
                 from ../Middlewares/ST/STM32_USB_Host_Library/Core/Inc/usbh_ctlreq.h:29,
                 from ../Middlewares/ST/STM32_USB_Host_Library/Core/Src/usbh_ctlreq.c:21:
../Middlewares/Third_Party/FreeRTOS/Source/CMSIS_RTOS_V2/cmsis_os2.h:689:12: note: expected 'uint32_t {aka long unsigned int}' but argument is of type 'void *'
 osStatus_t osMessageQueuePut (osMessageQueueId_t mq_id, const void *msg_ptr, uint8_t msg_prio, uint32_t timeout);
            ^~~~~~~~~~~~~~~~~
../Middlewares/ST/STM32_USB_Host_Library/Core/Src/usbh_ctlreq.c:747:72: warning: passing argument 4 of 'osMessageQueuePut' makes integer from pointer without a cast [-Wint-conversion]
           (void)osMessageQueuePut(phost->os_event, &phost->os_msg, 0U, NULL);
                                                                        ^~~~
In file included from ../Middlewares/Third_Party/FreeRTOS/Source/CMSIS_RTOS_V2/cmsis_os.h:155:0,
                 from ../USB_HOST/Target/usbh_conf.h:98,
                 from ../Middlewares/ST/STM32_USB_Host_Library/Core/Inc/usbh_core.h:28,
                 from ../Middlewares/ST/STM32_USB_Host_Library/Core/Inc/usbh_ctlreq.h:29,
                 from ../Middlewares/ST/STM32_USB_Host_Library/Core/Src/usbh_ctlreq.c:21:
../Middlewares/Third_Party/FreeRTOS/Source/CMSIS_RTOS_V2/cmsis_os2.h:689:12: note: expected 'uint32_t {aka long unsigned int}' but argument is of type 'void *'
 osStatus_t osMessageQueuePut (osMessageQueueId_t mq_id, const void *msg_ptr, uint8_t msg_prio, uint32_t timeout);
            ^~~~~~~~~~~~~~~~~
../Middlewares/ST/STM32_USB_Host_Library/Core/Src/usbh_ctlreq.c:777:70: warning: passing argument 4 of 'osMessageQueuePut' makes integer from pointer without a cast [-Wint-conversion]
         (void)osMessageQueuePut(phost->os_event, &phost->os_msg, 0U, NULL);
                                                                      ^~~~
In file included from ../Middlewares/Third_Party/FreeRTOS/Source/CMSIS_RTOS_V2/cmsis_os.h:155:0,
                 from ../USB_HOST/Target/usbh_conf.h:98,
                 from ../Middlewares/ST/STM32_USB_Host_Library/Core/Inc/usbh_core.h:28,
                 from ../Middlewares/ST/STM32_USB_Host_Library/Core/Inc/usbh_ctlreq.h:29,
                 from ../Middlewares/ST/STM32_USB_Host_Library/Core/Src/usbh_ctlreq.c:21:
../Middlewares/Third_Party/FreeRTOS/Source/CMSIS_RTOS_V2/cmsis_os2.h:689:12: note: expected 'uint32_t {aka long unsigned int}' but argument is of type 'void *'
 osStatus_t osMessageQueuePut (osMessageQueueId_t mq_id, const void *msg_ptr, uint8_t msg_prio, uint32_t timeout);
            ^~~~~~~~~~~~~~~~~
../Middlewares/ST/STM32_USB_Host_Library/Core/Src/usbh_ctlreq.c:794:70: warning: passing argument 4 of 'osMessageQueuePut' makes integer from pointer without a cast [-Wint-conversion]
         (void)osMessageQueuePut(phost->os_event, &phost->os_msg, 0U, NULL);
                                                                      ^~~~
In file included from ../Middlewares/Third_Party/FreeRTOS/Source/CMSIS_RTOS_V2/cmsis_os.h:155:0,
                 from ../USB_HOST/Target/usbh_conf.h:98,
                 from ../Middlewares/ST/STM32_USB_Host_Library/Core/Inc/usbh_core.h:28,
                 from ../Middlewares/ST/STM32_USB_Host_Library/Core/Inc/usbh_ctlreq.h:29,
                 from ../Middlewares/ST/STM32_USB_Host_Library/Core/Src/usbh_ctlreq.c:21:
../Middlewares/Third_Party/FreeRTOS/Source/CMSIS_RTOS_V2/cmsis_os2.h:689:12: note: expected 'uint32_t {aka long unsigned int}' but argument is of type 'void *'
 osStatus_t osMessageQueuePut (osMessageQueueId_t mq_id, const void *msg_ptr, uint8_t msg_prio, uint32_t timeout);
            ^~~~~~~~~~~~~~~~~
../Middlewares/ST/STM32_USB_Host_Library/Core/Src/usbh_ctlreq.c:808:70: warning: passing argument 4 of 'osMessageQueuePut' makes integer from pointer without a cast [-Wint-conversion]
         (void)osMessageQueuePut(phost->os_event, &phost->os_msg, 0U, NULL);
                                                                      ^~~~
In file included from ../Middlewares/Third_Party/FreeRTOS/Source/CMSIS_RTOS_V2/cmsis_os.h:155:0,
                 from ../USB_HOST/Target/usbh_conf.h:98,
                 from ../Middlewares/ST/STM32_USB_Host_Library/Core/Inc/usbh_core.h:28,
                 from ../Middlewares/ST/STM32_USB_Host_Library/Core/Inc/usbh_ctlreq.h:29,
                 from ../Middlewares/ST/STM32_USB_Host_Library/Core/Src/usbh_ctlreq.c:21:
../Middlewares/Third_Party/FreeRTOS/Source/CMSIS_RTOS_V2/cmsis_os2.h:689:12: note: expected 'uint32_t {aka long unsigned int}' but argument is of type 'void *'
 osStatus_t osMessageQueuePut (osMessageQueueId_t mq_id, const void *msg_ptr, uint8_t msg_prio, uint32_t timeout);
            ^~~~~~~~~~~~~~~~~
../Middlewares/ST/STM32_USB_Host_Library/Core/Src/usbh_ctlreq.c:825:72: warning: passing argument 4 of 'osMessageQueuePut' makes integer from pointer without a cast [-Wint-conversion]
           (void)osMessageQueuePut(phost->os_event, &phost->os_msg, 0U, NULL);
                                                                        ^~~~
In file included from ../Middlewares/Third_Party/FreeRTOS/Source/CMSIS_RTOS_V2/cmsis_os.h:155:0,
                 from ../USB_HOST/Target/usbh_conf.h:98,
                 from ../Middlewares/ST/STM32_USB_Host_Library/Core/Inc/usbh_core.h:28,
                 from ../Middlewares/ST/STM32_USB_Host_Library/Core/Inc/usbh_ctlreq.h:29,
                 from ../Middlewares/ST/STM32_USB_Host_Library/Core/Src/usbh_ctlreq.c:21:
../Middlewares/Third_Party/FreeRTOS/Source/CMSIS_RTOS_V2/cmsis_os2.h:689:12: note: expected 'uint32_t {aka long unsigned int}' but argument is of type 'void *'
 osStatus_t osMessageQueuePut (osMessageQueueId_t mq_id, const void *msg_ptr, uint8_t msg_prio, uint32_t timeout);
            ^~~~~~~~~~~~~~~~~
../Middlewares/ST/STM32_USB_Host_Library/Core/Src/usbh_ctlreq.c:856:70: warning: passing argument 4 of 'osMessageQueuePut' makes integer from pointer without a cast [-Wint-conversion]
         (void)osMessageQueuePut(phost->os_event, &phost->os_msg, 0U, NULL);
                                                                      ^~~~
In file included from ../Middlewares/Third_Party/FreeRTOS/Source/CMSIS_RTOS_V2/cmsis_os.h:155:0,
                 from ../USB_HOST/Target/usbh_conf.h:98,
                 from ../Middlewares/ST/STM32_USB_Host_Library/Core/Inc/usbh_core.h:28,
                 from ../Middlewares/ST/STM32_USB_Host_Library/Core/Inc/usbh_ctlreq.h:29,
                 from ../Middlewares/ST/STM32_USB_Host_Library/Core/Src/usbh_ctlreq.c:21:
../Middlewares/Third_Party/FreeRTOS/Source/CMSIS_RTOS_V2/cmsis_os2.h:689:12: note: expected 'uint32_t {aka long unsigned int}' but argument is of type 'void *'
 osStatus_t osMessageQueuePut (osMessageQueueId_t mq_id, const void *msg_ptr, uint8_t msg_prio, uint32_t timeout);
            ^~~~~~~~~~~~~~~~~
../Middlewares/ST/STM32_USB_Host_Library/Core/Src/usbh_ctlreq.c:869:70: warning: passing argument 4 of 'osMessageQueuePut' makes integer from pointer without a cast [-Wint-conversion]
         (void)osMessageQueuePut(phost->os_event, &phost->os_msg, 0U, NULL);
                                                                      ^~~~
In file included from ../Middlewares/Third_Party/FreeRTOS/Source/CMSIS_RTOS_V2/cmsis_os.h:155:0,
                 from ../USB_HOST/Target/usbh_conf.h:98,
                 from ../Middlewares/ST/STM32_USB_Host_Library/Core/Inc/usbh_core.h:28,
                 from ../Middlewares/ST/STM32_USB_Host_Library/Core/Inc/usbh_ctlreq.h:29,
                 from ../Middlewares/ST/STM32_USB_Host_Library/Core/Src/usbh_ctlreq.c:21:
../Middlewares/Third_Party/FreeRTOS/Source/CMSIS_RTOS_V2/cmsis_os2.h:689:12: note: expected 'uint32_t {aka long unsigned int}' but argument is of type 'void *'
 osStatus_t osMessageQueuePut (osMessageQueueId_t mq_id, const void *msg_ptr, uint8_t msg_prio, uint32_t timeout);
            ^~~~~~~~~~~~~~~~~
../Middlewares/ST/STM32_USB_Host_Library/Core/Src/usbh_ctlreq.c:885:72: warning: passing argument 4 of 'osMessageQueuePut' makes integer from pointer without a cast [-Wint-conversion]
           (void)osMessageQueuePut(phost->os_event, &phost->os_msg, 0U, NULL);
                                                                        ^~~~
In file included from ../Middlewares/Third_Party/FreeRTOS/Source/CMSIS_RTOS_V2/cmsis_os.h:155:0,
                 from ../USB_HOST/Target/usbh_conf.h:98,
                 from ../Middlewares/ST/STM32_USB_Host_Library/Core/Inc/usbh_core.h:28,
                 from ../Middlewares/ST/STM32_USB_Host_Library/Core/Inc/usbh_ctlreq.h:29,
                 from ../Middlewares/ST/STM32_USB_Host_Library/Core/Src/usbh_ctlreq.c:21:
../Middlewares/Third_Party/FreeRTOS/Source/CMSIS_RTOS_V2/cmsis_os2.h:689:12: note: expected 'uint32_t {aka long unsigned int}' but argument is of type 'void *'
 osStatus_t osMessageQueuePut (osMessageQueueId_t mq_id, const void *msg_ptr, uint8_t msg_prio, uint32_t timeout);
            ^~~~~~~~~~~~~~~~~
../Middlewares/ST/STM32_USB_Host_Library/Core/Src/usbh_ctlreq.c:911:70: warning: passing argument 4 of 'osMessageQueuePut' makes integer from pointer without a cast [-Wint-conversion]
         (void)osMessageQueuePut(phost->os_event, &phost->os_msg, 0U, NULL);
                                                                      ^~~~
In file included from ../Middlewares/Third_Party/FreeRTOS/Source/CMSIS_RTOS_V2/cmsis_os.h:155:0,
                 from ../USB_HOST/Target/usbh_conf.h:98,
                 from ../Middlewares/ST/STM32_USB_Host_Library/Core/Inc/usbh_core.h:28,
                 from ../Middlewares/ST/STM32_USB_Host_Library/Core/Inc/usbh_ctlreq.h:29,
                 from ../Middlewares/ST/STM32_USB_Host_Library/Core/Src/usbh_ctlreq.c:21:
../Middlewares/Third_Party/FreeRTOS/Source/CMSIS_RTOS_V2/cmsis_os2.h:689:12: note: expected 'uint32_t {aka long unsigned int}' but argument is of type 'void *'
 osStatus_t osMessageQueuePut (osMessageQueueId_t mq_id, const void *msg_ptr, uint8_t msg_prio, uint32_t timeout);
            ^~~~~~~~~~~~~~~~~
../Middlewares/ST/STM32_USB_Host_Library/Core/Src/usbh_ctlreq.c:924:70: warning: passing argument 4 of 'osMessageQueuePut' makes integer from pointer without a cast [-Wint-conversion]
         (void)osMessageQueuePut(phost->os_event, &phost->os_msg, 0U, NULL);
                                                                      ^~~~
In file included from ../Middlewares/Third_Party/FreeRTOS/Source/CMSIS_RTOS_V2/cmsis_os.h:155:0,
                 from ../USB_HOST/Target/usbh_conf.h:98,
                 from ../Middlewares/ST/STM32_USB_Host_Library/Core/Inc/usbh_core.h:28,
                 from ../Middlewares/ST/STM32_USB_Host_Library/Core/Inc/usbh_ctlreq.h:29,
                 from ../Middlewares/ST/STM32_USB_Host_Library/Core/Src/usbh_ctlreq.c:21:
../Middlewares/Third_Party/FreeRTOS/Source/CMSIS_RTOS_V2/cmsis_os2.h:689:12: note: expected 'uint32_t {aka long unsigned int}' but argument is of type 'void *'
 osStatus_t osMessageQueuePut (osMessageQueueId_t mq_id, const void *msg_ptr, uint8_t msg_prio, uint32_t timeout);
            ^~~~~~~~~~~~~~~~~
../Middlewares/ST/STM32_USB_Host_Library/Core/Src/usbh_ctlreq.c:939:72: warning: passing argument 4 of 'osMessageQueuePut' makes integer from pointer without a cast [-Wint-conversion]
           (void)osMessageQueuePut(phost->os_event, &phost->os_msg, 0U, NULL);
                                                                        ^~~~
In file included from ../Middlewares/Third_Party/FreeRTOS/Source/CMSIS_RTOS_V2/cmsis_os.h:155:0,
                 from ../USB_HOST/Target/usbh_conf.h:98,
                 from ../Middlewares/ST/STM32_USB_Host_Library/Core/Inc/usbh_core.h:28,
                 from ../Middlewares/ST/STM32_USB_Host_Library/Core/Inc/usbh_ctlreq.h:29,
                 from ../Middlewares/ST/STM32_USB_Host_Library/Core/Src/usbh_ctlreq.c:21:
../Middlewares/Third_Party/FreeRTOS/Source/CMSIS_RTOS_V2/cmsis_os2.h:689:12: note: expected 'uint32_t {aka long unsigned int}' but argument is of type 'void *'
 osStatus_t osMessageQueuePut (osMessageQueueId_t mq_id, const void *msg_ptr, uint8_t msg_prio, uint32_t timeout);
            ^~~~~~~~~~~~~~~~~
arm-none-eabi-gcc "../Middlewares/ST/STM32_USB_Host_Library/Class/MSC/Src/usbh_msc.c" -mcpu=cortex-m4 -std=gnu11 -g3 -DUSE_HAL_DRIVER -DSTM32F446xx -DDEBUG -c -I../Core/Inc -I../Drivers/STM32F4xx_HAL_Driver/Inc -I../Drivers/STM32F4xx_HAL_Driver/Inc/Legacy -I../Drivers/CMSIS/Device/ST/STM32F4xx/Include -I../Drivers/CMSIS/Include -I../USB_HOST/App -I../USB_HOST/Target -I../Middlewares/Third_Party/FreeRTOS/Source/include -I../Middlewares/Third_Party/FreeRTOS/Source/CMSIS_RTOS_V2 -I../Middlewares/Third_Party/FreeRTOS/Source/portable/GCC/ARM_CM4F -I../Middlewares/ST/STM32_USB_Host_Library/Core/Inc -I../Middlewares/ST/STM32_USB_Host_Library/Class/MSC/Inc -O0 -ffunction-sections -fdata-sections -Wall -fstack-usage -MMD -MP -MF"Middlewares/ST/STM32_USB_Host_Library/Class/MSC/Src/usbh_msc.d" -MT"Middlewares/ST/STM32_USB_Host_Library/Class/MSC/Src/usbh_msc.o" --specs=nano.specs -mfpu=fpv4-sp-d16 -mfloat-abi=hard -mthumb -o "Middlewares/ST/STM32_USB_Host_Library/Class/MSC/Src/usbh_msc.o"
arm-none-eabi-gcc "../Middlewares/ST/STM32_USB_Host_Library/Class/MSC/Src/usbh_msc_bot.c" -mcpu=cortex-m4 -std=gnu11 -g3 -DUSE_HAL_DRIVER -DSTM32F446xx -DDEBUG -c -I../Core/Inc -I../Drivers/STM32F4xx_HAL_Driver/Inc -I../Drivers/STM32F4xx_HAL_Driver/Inc/Legacy -I../Drivers/CMSIS/Device/ST/STM32F4xx/Include -I../Drivers/CMSIS/Include -I../USB_HOST/App -I../USB_HOST/Target -I../Middlewares/Third_Party/FreeRTOS/Source/include -I../Middlewares/Third_Party/FreeRTOS/Source/CMSIS_RTOS_V2 -I../Middlewares/Third_Party/FreeRTOS/Source/portable/GCC/ARM_CM4F -I../Middlewares/ST/STM32_USB_Host_Library/Core/Inc -I../Middlewares/ST/STM32_USB_Host_Library/Class/MSC/Inc -O0 -ffunction-sections -fdata-sections -Wall -fstack-usage -MMD -MP -MF"Middlewares/ST/STM32_USB_Host_Library/Class/MSC/Src/usbh_msc_bot.d" -MT"Middlewares/ST/STM32_USB_Host_Library/Class/MSC/Src/usbh_msc_bot.o" --specs=nano.specs -mfpu=fpv4-sp-d16 -mfloat-abi=hard -mthumb -o "Middlewares/ST/STM32_USB_Host_Library/Class/MSC/Src/usbh_msc_bot.o"
arm-none-eabi-gcc "../Middlewares/ST/STM32_USB_Host_Library/Class/MSC/Src/usbh_msc_scsi.c" -mcpu=cortex-m4 -std=gnu11 -g3 -DUSE_HAL_DRIVER -DSTM32F446xx -DDEBUG -c -I../Core/Inc -I../Drivers/STM32F4xx_HAL_Driver/Inc -I../Drivers/STM32F4xx_HAL_Driver/Inc/Legacy -I../Drivers/CMSIS/Device/ST/STM32F4xx/Include -I../Drivers/CMSIS/Include -I../USB_HOST/App -I../USB_HOST/Target -I../Middlewares/Third_Party/FreeRTOS/Source/include -I../Middlewares/Third_Party/FreeRTOS/Source/CMSIS_RTOS_V2 -I../Middlewares/Third_Party/FreeRTOS/Source/portable/GCC/ARM_CM4F -I../Middlewares/ST/STM32_USB_Host_Library/Core/Inc -I../Middlewares/ST/STM32_USB_Host_Library/Class/MSC/Inc -O0 -ffunction-sections -fdata-sections -Wall -fstack-usage -MMD -MP -MF"Middlewares/ST/STM32_USB_Host_Library/Class/MSC/Src/usbh_msc_scsi.d" -MT"Middlewares/ST/STM32_USB_Host_Library/Class/MSC/Src/usbh_msc_scsi.o" --specs=nano.specs -mfpu=fpv4-sp-d16 -mfloat-abi=hard -mthumb -o "Middlewares/ST/STM32_USB_Host_Library/Class/MSC/Src/usbh_msc_scsi.o"
arm-none-eabi-gcc "../Drivers/STM32F4xx_HAL_Driver/Src/stm32f4xx_hal.c" -mcpu=cortex-m4 -std=gnu11 -g3 -DUSE_HAL_DRIVER -DSTM32F446xx -DDEBUG -c -I../Core/Inc -I../Drivers/STM32F4xx_HAL_Driver/Inc -I../Drivers/STM32F4xx_HAL_Driver/Inc/Legacy -I../Drivers/CMSIS/Device/ST/STM32F4xx/Include -I../Drivers/CMSIS/Include -I../USB_HOST/App -I../USB_HOST/Target -I../Middlewares/Third_Party/FreeRTOS/Source/include -I../Middlewares/Third_Party/FreeRTOS/Source/CMSIS_RTOS_V2 -I../Middlewares/Third_Party/FreeRTOS/Source/portable/GCC/ARM_CM4F -I../Middlewares/ST/STM32_USB_Host_Library/Core/Inc -I../Middlewares/ST/STM32_USB_Host_Library/Class/MSC/Inc -O0 -ffunction-sections -fdata-sections -Wall -fstack-usage -MMD -MP -MF"Drivers/STM32F4xx_HAL_Driver/Src/stm32f4xx_hal.d" -MT"Drivers/STM32F4xx_HAL_Driver/Src/stm32f4xx_hal.o" --specs=nano.specs -mfpu=fpv4-sp-d16 -mfloat-abi=hard -mthumb -o "Drivers/STM32F4xx_HAL_Driver/Src/stm32f4xx_hal.o"
../Middlewares/ST/STM32_USB_Host_Library/Class/MSC/Src/usbh_msc.c: In function 'USBH_MSC_Process':
../Middlewares/ST/STM32_USB_Host_Library/Class/MSC/Src/usbh_msc.c:493:70: warning: passing argument 4 of 'osMessageQueuePut' makes integer from pointer without a cast [-Wint-conversion]
         (void)osMessageQueuePut(phost->os_event, &phost->os_msg, 0U, NULL);
                                                                      ^~~~
In file included from ../Middlewares/Third_Party/FreeRTOS/Source/CMSIS_RTOS_V2/cmsis_os.h:155:0,
                 from ../USB_HOST/Target/usbh_conf.h:98,
                 from ../Middlewares/ST/STM32_USB_Host_Library/Core/Inc/usbh_core.h:28,
                 from ../Middlewares/ST/STM32_USB_Host_Library/Class/MSC/Inc/usbh_msc.h:29,
                 from ../Middlewares/ST/STM32_USB_Host_Library/Class/MSC/Src/usbh_msc.c:40:
../Middlewares/Third_Party/FreeRTOS/Source/CMSIS_RTOS_V2/cmsis_os2.h:689:12: note: expected 'uint32_t {aka long unsigned int}' but argument is of type 'void *'
 osStatus_t osMessageQueuePut (osMessageQueueId_t mq_id, const void *msg_ptr, uint8_t msg_prio, uint32_t timeout);
            ^~~~~~~~~~~~~~~~~
../Middlewares/ST/STM32_USB_Host_Library/Class/MSC/Src/usbh_msc.c:507:70: warning: passing argument 4 of 'osMessageQueuePut' makes integer from pointer without a cast [-Wint-conversion]
         (void)osMessageQueuePut(phost->os_event, &phost->os_msg, 0U, NULL);
                                                                      ^~~~
In file included from ../Middlewares/Third_Party/FreeRTOS/Source/CMSIS_RTOS_V2/cmsis_os.h:155:0,
                 from ../USB_HOST/Target/usbh_conf.h:98,
                 from ../Middlewares/ST/STM32_USB_Host_Library/Core/Inc/usbh_core.h:28,
                 from ../Middlewares/ST/STM32_USB_Host_Library/Class/MSC/Inc/usbh_msc.h:29,
                 from ../Middlewares/ST/STM32_USB_Host_Library/Class/MSC/Src/usbh_msc.c:40:
../Middlewares/Third_Party/FreeRTOS/Source/CMSIS_RTOS_V2/cmsis_os2.h:689:12: note: expected 'uint32_t {aka long unsigned int}' but argument is of type 'void *'
 osStatus_t osMessageQueuePut (osMessageQueueId_t mq_id, const void *msg_ptr, uint8_t msg_prio, uint32_t timeout);
            ^~~~~~~~~~~~~~~~~
../Middlewares/ST/STM32_USB_Host_Library/Class/MSC/Src/usbh_msc.c: In function 'USBH_MSC_RdWrProcess':
../Middlewares/ST/STM32_USB_Host_Library/Class/MSC/Src/usbh_msc.c:581:68: warning: passing argument 4 of 'osMessageQueuePut' makes integer from pointer without a cast [-Wint-conversion]
       (void)osMessageQueuePut(phost->os_event, &phost->os_msg, 0U, NULL);
                                                                    ^~~~
In file included from ../Middlewares/Third_Party/FreeRTOS/Source/CMSIS_RTOS_V2/cmsis_os.h:155:0,
                 from ../USB_HOST/Target/usbh_conf.h:98,
                 from ../Middlewares/ST/STM32_USB_Host_Library/Core/Inc/usbh_core.h:28,
                 from ../Middlewares/ST/STM32_USB_Host_Library/Class/MSC/Inc/usbh_msc.h:29,
                 from ../Middlewares/ST/STM32_USB_Host_Library/Class/MSC/Src/usbh_msc.c:40:
../Middlewares/Third_Party/FreeRTOS/Source/CMSIS_RTOS_V2/cmsis_os2.h:689:12: note: expected 'uint32_t {aka long unsigned int}' but argument is of type 'void *'
 osStatus_t osMessageQueuePut (osMessageQueueId_t mq_id, const void *msg_ptr, uint8_t msg_prio, uint32_t timeout);
            ^~~~~~~~~~~~~~~~~
../Middlewares/ST/STM32_USB_Host_Library/Class/MSC/Src/usbh_msc.c:612:68: warning: passing argument 4 of 'osMessageQueuePut' makes integer from pointer without a cast [-Wint-conversion]
       (void)osMessageQueuePut(phost->os_event, &phost->os_msg, 0U, NULL);
                                                                    ^~~~
In file included from ../Middlewares/Third_Party/FreeRTOS/Source/CMSIS_RTOS_V2/cmsis_os.h:155:0,
                 from ../USB_HOST/Target/usbh_conf.h:98,
                 from ../Middlewares/ST/STM32_USB_Host_Library/Core/Inc/usbh_core.h:28,
                 from ../Middlewares/ST/STM32_USB_Host_Library/Class/MSC/Inc/usbh_msc.h:29,
                 from ../Middlewares/ST/STM32_USB_Host_Library/Class/MSC/Src/usbh_msc.c:40:
../Middlewares/Third_Party/FreeRTOS/Source/CMSIS_RTOS_V2/cmsis_os2.h:689:12: note: expected 'uint32_t {aka long unsigned int}' but argument is of type 'void *'
 osStatus_t osMessageQueuePut (osMessageQueueId_t mq_id, const void *msg_ptr, uint8_t msg_prio, uint32_t timeout);
            ^~~~~~~~~~~~~~~~~
../Middlewares/ST/STM32_USB_Host_Library/Class/MSC/Src/usbh_msc.c:648:68: warning: passing argument 4 of 'osMessageQueuePut' makes integer from pointer without a cast [-Wint-conversion]
       (void)osMessageQueuePut(phost->os_event, &phost->os_msg, 0U, NULL);
                                                                    ^~~~
In file included from ../Middlewares/Third_Party/FreeRTOS/Source/CMSIS_RTOS_V2/cmsis_os.h:155:0,
                 from ../USB_HOST/Target/usbh_conf.h:98,
                 from ../Middlewares/ST/STM32_USB_Host_Library/Core/Inc/usbh_core.h:28,
                 from ../Middlewares/ST/STM32_USB_Host_Library/Class/MSC/Inc/usbh_msc.h:29,
                 from ../Middlewares/ST/STM32_USB_Host_Library/Class/MSC/Src/usbh_msc.c:40:
../Middlewares/Third_Party/FreeRTOS/Source/CMSIS_RTOS_V2/cmsis_os2.h:689:12: note: expected 'uint32_t {aka long unsigned int}' but argument is of type 'void *'
 osStatus_t osMessageQueuePut (osMessageQueueId_t mq_id, const void *msg_ptr, uint8_t msg_prio, uint32_t timeout);
            ^~~~~~~~~~~~~~~~~
../Middlewares/ST/STM32_USB_Host_Library/Class/MSC/Src/usbh_msc_bot.c: In function 'USBH_MSC_BOT_Process':
../Middlewares/ST/STM32_USB_Host_Library/Class/MSC/Src/usbh_msc_bot.c:223:70: warning: passing argument 4 of 'osMessageQueuePut' makes integer from pointer without a cast [-Wint-conversion]
         (void)osMessageQueuePut(phost->os_event, &phost->os_msg, 0U, NULL);
                                                                      ^~~~
In file included from ../Middlewares/Third_Party/FreeRTOS/Source/CMSIS_RTOS_V2/cmsis_os.h:155:0,
                 from ../USB_HOST/Target/usbh_conf.h:98,
                 from ../Middlewares/ST/STM32_USB_Host_Library/Core/Inc/usbh_core.h:28,
                 from ../Middlewares/ST/STM32_USB_Host_Library/Class/MSC/Inc/usbh_msc_bot.h:29,
                 from ../Middlewares/ST/STM32_USB_Host_Library/Class/MSC/Src/usbh_msc_bot.c:28:
../Middlewares/Third_Party/FreeRTOS/Source/CMSIS_RTOS_V2/cmsis_os2.h:689:12: note: expected 'uint32_t {aka long unsigned int}' but argument is of type 'void *'
 osStatus_t osMessageQueuePut (osMessageQueueId_t mq_id, const void *msg_ptr, uint8_t msg_prio, uint32_t timeout);
            ^~~~~~~~~~~~~~~~~
../Middlewares/ST/STM32_USB_Host_Library/Class/MSC/Src/usbh_msc_bot.c:237:70: warning: passing argument 4 of 'osMessageQueuePut' makes integer from pointer without a cast [-Wint-conversion]
         (void)osMessageQueuePut(phost->os_event, &phost->os_msg, 0U, NULL);
                                                                      ^~~~
In file included from ../Middlewares/Third_Party/FreeRTOS/Source/CMSIS_RTOS_V2/cmsis_os.h:155:0,
                 from ../USB_HOST/Target/usbh_conf.h:98,
                 from ../Middlewares/ST/STM32_USB_Host_Library/Core/Inc/usbh_core.h:28,
                 from ../Middlewares/ST/STM32_USB_Host_Library/Class/MSC/Inc/usbh_msc_bot.h:29,
                 from ../Middlewares/ST/STM32_USB_Host_Library/Class/MSC/Src/usbh_msc_bot.c:28:
../Middlewares/Third_Party/FreeRTOS/Source/CMSIS_RTOS_V2/cmsis_os2.h:689:12: note: expected 'uint32_t {aka long unsigned int}' but argument is of type 'void *'
 osStatus_t osMessageQueuePut (osMessageQueueId_t mq_id, const void *msg_ptr, uint8_t msg_prio, uint32_t timeout);
            ^~~~~~~~~~~~~~~~~
../Middlewares/ST/STM32_USB_Host_Library/Class/MSC/Src/usbh_msc_bot.c:252:72: warning: passing argument 4 of 'osMessageQueuePut' makes integer from pointer without a cast [-Wint-conversion]
           (void)osMessageQueuePut(phost->os_event, &phost->os_msg, 0U, NULL);
                                                                        ^~~~
In file included from ../Middlewares/Third_Party/FreeRTOS/Source/CMSIS_RTOS_V2/cmsis_os.h:155:0,
                 from ../USB_HOST/Target/usbh_conf.h:98,
                 from ../Middlewares/ST/STM32_USB_Host_Library/Core/Inc/usbh_core.h:28,
                 from ../Middlewares/ST/STM32_USB_Host_Library/Class/MSC/Inc/usbh_msc_bot.h:29,
                 from ../Middlewares/ST/STM32_USB_Host_Library/Class/MSC/Src/usbh_msc_bot.c:28:
../Middlewares/Third_Party/FreeRTOS/Source/CMSIS_RTOS_V2/cmsis_os2.h:689:12: note: expected 'uint32_t {aka long unsigned int}' but argument is of type 'void *'
 osStatus_t osMessageQueuePut (osMessageQueueId_t mq_id, const void *msg_ptr, uint8_t msg_prio, uint32_t timeout);
            ^~~~~~~~~~~~~~~~~
../Middlewares/ST/STM32_USB_Host_Library/Class/MSC/Src/usbh_msc_bot.c:302:72: warning: passing argument 4 of 'osMessageQueuePut' makes integer from pointer without a cast [-Wint-conversion]
           (void)osMessageQueuePut(phost->os_event, &phost->os_msg, 0U, NULL);
                                                                        ^~~~
In file included from ../Middlewares/Third_Party/FreeRTOS/Source/CMSIS_RTOS_V2/cmsis_os.h:155:0,
                 from ../USB_HOST/Target/usbh_conf.h:98,
                 from ../Middlewares/ST/STM32_USB_Host_Library/Core/Inc/usbh_core.h:28,
                 from ../Middlewares/ST/STM32_USB_Host_Library/Class/MSC/Inc/usbh_msc_bot.h:29,
                 from ../Middlewares/ST/STM32_USB_Host_Library/Class/MSC/Src/usbh_msc_bot.c:28:
../Middlewares/Third_Party/FreeRTOS/Source/CMSIS_RTOS_V2/cmsis_os2.h:689:12: note: expected 'uint32_t {aka long unsigned int}' but argument is of type 'void *'
 osStatus_t osMessageQueuePut (osMessageQueueId_t mq_id, const void *msg_ptr, uint8_t msg_prio, uint32_t timeout);
            ^~~~~~~~~~~~~~~~~
../Middlewares/ST/STM32_USB_Host_Library/Class/MSC/Src/usbh_msc_bot.c:324:70: warning: passing argument 4 of 'osMessageQueuePut' makes integer from pointer without a cast [-Wint-conversion]
         (void)osMessageQueuePut(phost->os_event, &phost->os_msg, 0U, NULL);
                                                                      ^~~~
In file included from ../Middlewares/Third_Party/FreeRTOS/Source/CMSIS_RTOS_V2/cmsis_os.h:155:0,
                 from ../USB_HOST/Target/usbh_conf.h:98,
                 from ../Middlewares/ST/STM32_USB_Host_Library/Core/Inc/usbh_core.h:28,
                 from ../Middlewares/ST/STM32_USB_Host_Library/Class/MSC/Inc/usbh_msc_bot.h:29,
                 from ../Middlewares/ST/STM32_USB_Host_Library/Class/MSC/Src/usbh_msc_bot.c:28:
../Middlewares/Third_Party/FreeRTOS/Source/CMSIS_RTOS_V2/cmsis_os2.h:689:12: note: expected 'uint32_t {aka long unsigned int}' but argument is of type 'void *'
 osStatus_t osMessageQueuePut (osMessageQueueId_t mq_id, const void *msg_ptr, uint8_t msg_prio, uint32_t timeout);
            ^~~~~~~~~~~~~~~~~
../Middlewares/ST/STM32_USB_Host_Library/Class/MSC/Src/usbh_msc_bot.c:374:70: warning: passing argument 4 of 'osMessageQueuePut' makes integer from pointer without a cast [-Wint-conversion]
         (void)osMessageQueuePut(phost->os_event, &phost->os_msg, 0U, NULL);
                                                                      ^~~~
In file included from ../Middlewares/Third_Party/FreeRTOS/Source/CMSIS_RTOS_V2/cmsis_os.h:155:0,
                 from ../USB_HOST/Target/usbh_conf.h:98,
                 from ../Middlewares/ST/STM32_USB_Host_Library/Core/Inc/usbh_core.h:28,
                 from ../Middlewares/ST/STM32_USB_Host_Library/Class/MSC/Inc/usbh_msc_bot.h:29,
                 from ../Middlewares/ST/STM32_USB_Host_Library/Class/MSC/Src/usbh_msc_bot.c:28:
../Middlewares/Third_Party/FreeRTOS/Source/CMSIS_RTOS_V2/cmsis_os2.h:689:12: note: expected 'uint32_t {aka long unsigned int}' but argument is of type 'void *'
 osStatus_t osMessageQueuePut (osMessageQueueId_t mq_id, const void *msg_ptr, uint8_t msg_prio, uint32_t timeout);
            ^~~~~~~~~~~~~~~~~
../Middlewares/ST/STM32_USB_Host_Library/Class/MSC/Src/usbh_msc_bot.c:389:70: warning: passing argument 4 of 'osMessageQueuePut' makes integer from pointer without a cast [-Wint-conversion]
         (void)osMessageQueuePut(phost->os_event, &phost->os_msg, 0U, NULL);
                                                                      ^~~~
In file included from ../Middlewares/Third_Party/FreeRTOS/Source/CMSIS_RTOS_V2/cmsis_os.h:155:0,
                 from ../USB_HOST/Target/usbh_conf.h:98,
                 from ../Middlewares/ST/STM32_USB_Host_Library/Core/Inc/usbh_core.h:28,
                 from ../Middlewares/ST/STM32_USB_Host_Library/Class/MSC/Inc/usbh_msc_bot.h:29,
                 from ../Middlewares/ST/STM32_USB_Host_Library/Class/MSC/Src/usbh_msc_bot.c:28:
../Middlewares/Third_Party/FreeRTOS/Source/CMSIS_RTOS_V2/cmsis_os2.h:689:12: note: expected 'uint32_t {aka long unsigned int}' but argument is of type 'void *'
 osStatus_t osMessageQueuePut (osMessageQueueId_t mq_id, const void *msg_ptr, uint8_t msg_prio, uint32_t timeout);
            ^~~~~~~~~~~~~~~~~
../Middlewares/ST/STM32_USB_Host_Library/Class/MSC/Src/usbh_msc_bot.c:410:70: warning: passing argument 4 of 'osMessageQueuePut' makes integer from pointer without a cast [-Wint-conversion]
         (void)osMessageQueuePut(phost->os_event, &phost->os_msg, 0U, NULL);
                                                                      ^~~~
In file included from ../Middlewares/Third_Party/FreeRTOS/Source/CMSIS_RTOS_V2/cmsis_os.h:155:0,
                 from ../USB_HOST/Target/usbh_conf.h:98,
                 from ../Middlewares/ST/STM32_USB_Host_Library/Core/Inc/usbh_core.h:28,
                 from ../Middlewares/ST/STM32_USB_Host_Library/Class/MSC/Inc/usbh_msc_bot.h:29,
                 from ../Middlewares/ST/STM32_USB_Host_Library/Class/MSC/Src/usbh_msc_bot.c:28:
../Middlewares/Third_Party/FreeRTOS/Source/CMSIS_RTOS_V2/cmsis_os2.h:689:12: note: expected 'uint32_t {aka long unsigned int}' but argument is of type 'void *'
 osStatus_t osMessageQueuePut (osMessageQueueId_t mq_id, const void *msg_ptr, uint8_t msg_prio, uint32_t timeout);
            ^~~~~~~~~~~~~~~~~
../Middlewares/ST/STM32_USB_Host_Library/Class/MSC/Src/usbh_msc_bot.c:452:70: warning: passing argument 4 of 'osMessageQueuePut' makes integer from pointer without a cast [-Wint-conversion]
         (void)osMessageQueuePut(phost->os_event, &phost->os_msg, 0U, NULL);
                                                                      ^~~~
In file included from ../Middlewares/Third_Party/FreeRTOS/Source/CMSIS_RTOS_V2/cmsis_os.h:155:0,
                 from ../USB_HOST/Target/usbh_conf.h:98,
                 from ../Middlewares/ST/STM32_USB_Host_Library/Core/Inc/usbh_core.h:28,
                 from ../Middlewares/ST/STM32_USB_Host_Library/Class/MSC/Inc/usbh_msc_bot.h:29,
                 from ../Middlewares/ST/STM32_USB_Host_Library/Class/MSC/Src/usbh_msc_bot.c:28:
../Middlewares/Third_Party/FreeRTOS/Source/CMSIS_RTOS_V2/cmsis_os2.h:689:12: note: expected 'uint32_t {aka long unsigned int}' but argument is of type 'void *'
 osStatus_t osMessageQueuePut (osMessageQueueId_t mq_id, const void *msg_ptr, uint8_t msg_prio, uint32_t timeout);
            ^~~~~~~~~~~~~~~~~
../Middlewares/ST/STM32_USB_Host_Library/Class/MSC/Src/usbh_msc_bot.c:465:70: warning: passing argument 4 of 'osMessageQueuePut' makes integer from pointer without a cast [-Wint-conversion]
         (void)osMessageQueuePut(phost->os_event, &phost->os_msg, 0U, NULL);
                                                                      ^~~~
In file included from ../Middlewares/Third_Party/FreeRTOS/Source/CMSIS_RTOS_V2/cmsis_os.h:155:0,
                 from ../USB_HOST/Target/usbh_conf.h:98,
                 from ../Middlewares/ST/STM32_USB_Host_Library/Core/Inc/usbh_core.h:28,
                 from ../Middlewares/ST/STM32_USB_Host_Library/Class/MSC/Inc/usbh_msc_bot.h:29,
                 from ../Middlewares/ST/STM32_USB_Host_Library/Class/MSC/Src/usbh_msc_bot.c:28:
../Middlewares/Third_Party/FreeRTOS/Source/CMSIS_RTOS_V2/cmsis_os2.h:689:12: note: expected 'uint32_t {aka long unsigned int}' but argument is of type 'void *'
 osStatus_t osMessageQueuePut (osMessageQueueId_t mq_id, const void *msg_ptr, uint8_t msg_prio, uint32_t timeout);
            ^~~~~~~~~~~~~~~~~
arm-none-eabi-gcc "../Drivers/STM32F4xx_HAL_Driver/Src/stm32f4xx_hal_cortex.c" -mcpu=cortex-m4 -std=gnu11 -g3 -DUSE_HAL_DRIVER -DSTM32F446xx -DDEBUG -c -I../Core/Inc -I../Drivers/STM32F4xx_HAL_Driver/Inc -I../Drivers/STM32F4xx_HAL_Driver/Inc/Legacy -I../Drivers/CMSIS/Device/ST/STM32F4xx/Include -I../Drivers/CMSIS/Include -I../USB_HOST/App -I../USB_HOST/Target -I../Middlewares/Third_Party/FreeRTOS/Source/include -I../Middlewares/Third_Party/FreeRTOS/Source/CMSIS_RTOS_V2 -I../Middlewares/Third_Party/FreeRTOS/Source/portable/GCC/ARM_CM4F -I../Middlewares/ST/STM32_USB_Host_Library/Core/Inc -I../Middlewares/ST/STM32_USB_Host_Library/Class/MSC/Inc -O0 -ffunction-sections -fdata-sections -Wall -fstack-usage -MMD -MP -MF"Drivers/STM32F4xx_HAL_Driver/Src/stm32f4xx_hal_cortex.d" -MT"Drivers/STM32F4xx_HAL_Driver/Src/stm32f4xx_hal_cortex.o" --specs=nano.specs -mfpu=fpv4-sp-d16 -mfloat-abi=hard -mthumb -o "Drivers/STM32F4xx_HAL_Driver/Src/stm32f4xx_hal_cortex.o"
arm-none-eabi-gcc "../Drivers/STM32F4xx_HAL_Driver/Src/stm32f4xx_hal_dma.c" -mcpu=cortex-m4 -std=gnu11 -g3 -DUSE_HAL_DRIVER -DSTM32F446xx -DDEBUG -c -I../Core/Inc -I../Drivers/STM32F4xx_HAL_Driver/Inc -I../Drivers/STM32F4xx_HAL_Driver/Inc/Legacy -I../Drivers/CMSIS/Device/ST/STM32F4xx/Include -I../Drivers/CMSIS/Include -I../USB_HOST/App -I../USB_HOST/Target -I../Middlewares/Third_Party/FreeRTOS/Source/include -I../Middlewares/Third_Party/FreeRTOS/Source/CMSIS_RTOS_V2 -I../Middlewares/Third_Party/FreeRTOS/Source/portable/GCC/ARM_CM4F -I../Middlewares/ST/STM32_USB_Host_Library/Core/Inc -I../Middlewares/ST/STM32_USB_Host_Library/Class/MSC/Inc -O0 -ffunction-sections -fdata-sections -Wall -fstack-usage -MMD -MP -MF"Drivers/STM32F4xx_HAL_Driver/Src/stm32f4xx_hal_dma.d" -MT"Drivers/STM32F4xx_HAL_Driver/Src/stm32f4xx_hal_dma.o" --specs=nano.specs -mfpu=fpv4-sp-d16 -mfloat-abi=hard -mthumb -o "Drivers/STM32F4xx_HAL_Driver/Src/stm32f4xx_hal_dma.o"
arm-none-eabi-gcc "../Drivers/STM32F4xx_HAL_Driver/Src/stm32f4xx_hal_dma_ex.c" -mcpu=cortex-m4 -std=gnu11 -g3 -DUSE_HAL_DRIVER -DSTM32F446xx -DDEBUG -c -I../Core/Inc -I../Drivers/STM32F4xx_HAL_Driver/Inc -I../Drivers/STM32F4xx_HAL_Driver/Inc/Legacy -I../Drivers/CMSIS/Device/ST/STM32F4xx/Include -I../Drivers/CMSIS/Include -I../USB_HOST/App -I../USB_HOST/Target -I../Middlewares/Third_Party/FreeRTOS/Source/include -I../Middlewares/Third_Party/FreeRTOS/Source/CMSIS_RTOS_V2 -I../Middlewares/Third_Party/FreeRTOS/Source/portable/GCC/ARM_CM4F -I../Middlewares/ST/STM32_USB_Host_Library/Core/Inc -I../Middlewares/ST/STM32_USB_Host_Library/Class/MSC/Inc -O0 -ffunction-sections -fdata-sections -Wall -fstack-usage -MMD -MP -MF"Drivers/STM32F4xx_HAL_Driver/Src/stm32f4xx_hal_dma_ex.d" -MT"Drivers/STM32F4xx_HAL_Driver/Src/stm32f4xx_hal_dma_ex.o" --specs=nano.specs -mfpu=fpv4-sp-d16 -mfloat-abi=hard -mthumb -o "Drivers/STM32F4xx_HAL_Driver/Src/stm32f4xx_hal_dma_ex.o"
arm-none-eabi-gcc "../Drivers/STM32F4xx_HAL_Driver/Src/stm32f4xx_hal_exti.c" -mcpu=cortex-m4 -std=gnu11 -g3 -DUSE_HAL_DRIVER -DSTM32F446xx -DDEBUG -c -I../Core/Inc -I../Drivers/STM32F4xx_HAL_Driver/Inc -I../Drivers/STM32F4xx_HAL_Driver/Inc/Legacy -I../Drivers/CMSIS/Device/ST/STM32F4xx/Include -I../Drivers/CMSIS/Include -I../USB_HOST/App -I../USB_HOST/Target -I../Middlewares/Third_Party/FreeRTOS/Source/include -I../Middlewares/Third_Party/FreeRTOS/Source/CMSIS_RTOS_V2 -I../Middlewares/Third_Party/FreeRTOS/Source/portable/GCC/ARM_CM4F -I../Middlewares/ST/STM32_USB_Host_Library/Core/Inc -I../Middlewares/ST/STM32_USB_Host_Library/Class/MSC/Inc -O0 -ffunction-sections -fdata-sections -Wall -fstack-usage -MMD -MP -MF"Drivers/STM32F4xx_HAL_Driver/Src/stm32f4xx_hal_exti.d" -MT"Drivers/STM32F4xx_HAL_Driver/Src/stm32f4xx_hal_exti.o" --specs=nano.specs -mfpu=fpv4-sp-d16 -mfloat-abi=hard -mthumb -o "Drivers/STM32F4xx_HAL_Driver/Src/stm32f4xx_hal_exti.o"
arm-none-eabi-gcc "../Drivers/STM32F4xx_HAL_Driver/Src/stm32f4xx_hal_flash.c" -mcpu=cortex-m4 -std=gnu11 -g3 -DUSE_HAL_DRIVER -DSTM32F446xx -DDEBUG -c -I../Core/Inc -I../Drivers/STM32F4xx_HAL_Driver/Inc -I../Drivers/STM32F4xx_HAL_Driver/Inc/Legacy -I../Drivers/CMSIS/Device/ST/STM32F4xx/Include -I../Drivers/CMSIS/Include -I../USB_HOST/App -I../USB_HOST/Target -I../Middlewares/Third_Party/FreeRTOS/Source/include -I../Middlewares/Third_Party/FreeRTOS/Source/CMSIS_RTOS_V2 -I../Middlewares/Third_Party/FreeRTOS/Source/portable/GCC/ARM_CM4F -I../Middlewares/ST/STM32_USB_Host_Library/Core/Inc -I../Middlewares/ST/STM32_USB_Host_Library/Class/MSC/Inc -O0 -ffunction-sections -fdata-sections -Wall -fstack-usage -MMD -MP -MF"Drivers/STM32F4xx_HAL_Driver/Src/stm32f4xx_hal_flash.d" -MT"Drivers/STM32F4xx_HAL_Driver/Src/stm32f4xx_hal_flash.o" --specs=nano.specs -mfpu=fpv4-sp-d16 -mfloat-abi=hard -mthumb -o "Drivers/STM32F4xx_HAL_Driver/Src/stm32f4xx_hal_flash.o"
arm-none-eabi-gcc "../Drivers/STM32F4xx_HAL_Driver/Src/stm32f4xx_hal_flash_ex.c" -mcpu=cortex-m4 -std=gnu11 -g3 -DUSE_HAL_DRIVER -DSTM32F446xx -DDEBUG -c -I../Core/Inc -I../Drivers/STM32F4xx_HAL_Driver/Inc -I../Drivers/STM32F4xx_HAL_Driver/Inc/Legacy -I../Drivers/CMSIS/Device/ST/STM32F4xx/Include -I../Drivers/CMSIS/Include -I../USB_HOST/App -I../USB_HOST/Target -I../Middlewares/Third_Party/FreeRTOS/Source/include -I../Middlewares/Third_Party/FreeRTOS/Source/CMSIS_RTOS_V2 -I../Middlewares/Third_Party/FreeRTOS/Source/portable/GCC/ARM_CM4F -I../Middlewares/ST/STM32_USB_Host_Library/Core/Inc -I../Middlewares/ST/STM32_USB_Host_Library/Class/MSC/Inc -O0 -ffunction-sections -fdata-sections -Wall -fstack-usage -MMD -MP -MF"Drivers/STM32F4xx_HAL_Driver/Src/stm32f4xx_hal_flash_ex.d" -MT"Drivers/STM32F4xx_HAL_Driver/Src/stm32f4xx_hal_flash_ex.o" --specs=nano.specs -mfpu=fpv4-sp-d16 -mfloat-abi=hard -mthumb -o "Drivers/STM32F4xx_HAL_Driver/Src/stm32f4xx_hal_flash_ex.o"
arm-none-eabi-gcc "../Drivers/STM32F4xx_HAL_Driver/Src/stm32f4xx_hal_flash_ramfunc.c" -mcpu=cortex-m4 -std=gnu11 -g3 -DUSE_HAL_DRIVER -DSTM32F446xx -DDEBUG -c -I../Core/Inc -I../Drivers/STM32F4xx_HAL_Driver/Inc -I../Drivers/STM32F4xx_HAL_Driver/Inc/Legacy -I../Drivers/CMSIS/Device/ST/STM32F4xx/Include -I../Drivers/CMSIS/Include -I../USB_HOST/App -I../USB_HOST/Target -I../Middlewares/Third_Party/FreeRTOS/Source/include -I../Middlewares/Third_Party/FreeRTOS/Source/CMSIS_RTOS_V2 -I../Middlewares/Third_Party/FreeRTOS/Source/portable/GCC/ARM_CM4F -I../Middlewares/ST/STM32_USB_Host_Library/Core/Inc -I../Middlewares/ST/STM32_USB_Host_Library/Class/MSC/Inc -O0 -ffunction-sections -fdata-sections -Wall -fstack-usage -MMD -MP -MF"Drivers/STM32F4xx_HAL_Driver/Src/stm32f4xx_hal_flash_ramfunc.d" -MT"Drivers/STM32F4xx_HAL_Driver/Src/stm32f4xx_hal_flash_ramfunc.o" --specs=nano.specs -mfpu=fpv4-sp-d16 -mfloat-abi=hard -mthumb -o "Drivers/STM32F4xx_HAL_Driver/Src/stm32f4xx_hal_flash_ramfunc.o"
arm-none-eabi-gcc "../Drivers/STM32F4xx_HAL_Driver/Src/stm32f4xx_hal_gpio.c" -mcpu=cortex-m4 -std=gnu11 -g3 -DUSE_HAL_DRIVER -DSTM32F446xx -DDEBUG -c -I../Core/Inc -I../Drivers/STM32F4xx_HAL_Driver/Inc -I../Drivers/STM32F4xx_HAL_Driver/Inc/Legacy -I../Drivers/CMSIS/Device/ST/STM32F4xx/Include -I../Drivers/CMSIS/Include -I../USB_HOST/App -I../USB_HOST/Target -I../Middlewares/Third_Party/FreeRTOS/Source/include -I../Middlewares/Third_Party/FreeRTOS/Source/CMSIS_RTOS_V2 -I../Middlewares/Third_Party/FreeRTOS/Source/portable/GCC/ARM_CM4F -I../Middlewares/ST/STM32_USB_Host_Library/Core/Inc -I../Middlewares/ST/STM32_USB_Host_Library/Class/MSC/Inc -O0 -ffunction-sections -fdata-sections -Wall -fstack-usage -MMD -MP -MF"Drivers/STM32F4xx_HAL_Driver/Src/stm32f4xx_hal_gpio.d" -MT"Drivers/STM32F4xx_HAL_Driver/Src/stm32f4xx_hal_gpio.o" --specs=nano.specs -mfpu=fpv4-sp-d16 -mfloat-abi=hard -mthumb -o "Drivers/STM32F4xx_HAL_Driver/Src/stm32f4xx_hal_gpio.o"
arm-none-eabi-gcc "../Drivers/STM32F4xx_HAL_Driver/Src/stm32f4xx_hal_hcd.c" -mcpu=cortex-m4 -std=gnu11 -g3 -DUSE_HAL_DRIVER -DSTM32F446xx -DDEBUG -c -I../Core/Inc -I../Drivers/STM32F4xx_HAL_Driver/Inc -I../Drivers/STM32F4xx_HAL_Driver/Inc/Legacy -I../Drivers/CMSIS/Device/ST/STM32F4xx/Include -I../Drivers/CMSIS/Include -I../USB_HOST/App -I../USB_HOST/Target -I../Middlewares/Third_Party/FreeRTOS/Source/include -I../Middlewares/Third_Party/FreeRTOS/Source/CMSIS_RTOS_V2 -I../Middlewares/Third_Party/FreeRTOS/Source/portable/GCC/ARM_CM4F -I../Middlewares/ST/STM32_USB_Host_Library/Core/Inc -I../Middlewares/ST/STM32_USB_Host_Library/Class/MSC/Inc -O0 -ffunction-sections -fdata-sections -Wall -fstack-usage -MMD -MP -MF"Drivers/STM32F4xx_HAL_Driver/Src/stm32f4xx_hal_hcd.d" -MT"Drivers/STM32F4xx_HAL_Driver/Src/stm32f4xx_hal_hcd.o" --specs=nano.specs -mfpu=fpv4-sp-d16 -mfloat-abi=hard -mthumb -o "Drivers/STM32F4xx_HAL_Driver/Src/stm32f4xx_hal_hcd.o"
arm-none-eabi-gcc "../Drivers/STM32F4xx_HAL_Driver/Src/stm32f4xx_hal_pwr.c" -mcpu=cortex-m4 -std=gnu11 -g3 -DUSE_HAL_DRIVER -DSTM32F446xx -DDEBUG -c -I../Core/Inc -I../Drivers/STM32F4xx_HAL_Driver/Inc -I../Drivers/STM32F4xx_HAL_Driver/Inc/Legacy -I../Drivers/CMSIS/Device/ST/STM32F4xx/Include -I../Drivers/CMSIS/Include -I../USB_HOST/App -I../USB_HOST/Target -I../Middlewares/Third_Party/FreeRTOS/Source/include -I../Middlewares/Third_Party/FreeRTOS/Source/CMSIS_RTOS_V2 -I../Middlewares/Third_Party/FreeRTOS/Source/portable/GCC/ARM_CM4F -I../Middlewares/ST/STM32_USB_Host_Library/Core/Inc -I../Middlewares/ST/STM32_USB_Host_Library/Class/MSC/Inc -O0 -ffunction-sections -fdata-sections -Wall -fstack-usage -MMD -MP -MF"Drivers/STM32F4xx_HAL_Driver/Src/stm32f4xx_hal_pwr.d" -MT"Drivers/STM32F4xx_HAL_Driver/Src/stm32f4xx_hal_pwr.o" --specs=nano.specs -mfpu=fpv4-sp-d16 -mfloat-abi=hard -mthumb -o "Drivers/STM32F4xx_HAL_Driver/Src/stm32f4xx_hal_pwr.o"
arm-none-eabi-gcc "../Drivers/STM32F4xx_HAL_Driver/Src/stm32f4xx_hal_pwr_ex.c" -mcpu=cortex-m4 -std=gnu11 -g3 -DUSE_HAL_DRIVER -DSTM32F446xx -DDEBUG -c -I../Core/Inc -I../Drivers/STM32F4xx_HAL_Driver/Inc -I../Drivers/STM32F4xx_HAL_Driver/Inc/Legacy -I../Drivers/CMSIS/Device/ST/STM32F4xx/Include -I../Drivers/CMSIS/Include -I../USB_HOST/App -I../USB_HOST/Target -I../Middlewares/Third_Party/FreeRTOS/Source/include -I../Middlewares/Third_Party/FreeRTOS/Source/CMSIS_RTOS_V2 -I../Middlewares/Third_Party/FreeRTOS/Source/portable/GCC/ARM_CM4F -I../Middlewares/ST/STM32_USB_Host_Library/Core/Inc -I../Middlewares/ST/STM32_USB_Host_Library/Class/MSC/Inc -O0 -ffunction-sections -fdata-sections -Wall -fstack-usage -MMD -MP -MF"Drivers/STM32F4xx_HAL_Driver/Src/stm32f4xx_hal_pwr_ex.d" -MT"Drivers/STM32F4xx_HAL_Driver/Src/stm32f4xx_hal_pwr_ex.o" --specs=nano.specs -mfpu=fpv4-sp-d16 -mfloat-abi=hard -mthumb -o "Drivers/STM32F4xx_HAL_Driver/Src/stm32f4xx_hal_pwr_ex.o"
arm-none-eabi-gcc "../Drivers/STM32F4xx_HAL_Driver/Src/stm32f4xx_hal_rcc.c" -mcpu=cortex-m4 -std=gnu11 -g3 -DUSE_HAL_DRIVER -DSTM32F446xx -DDEBUG -c -I../Core/Inc -I../Drivers/STM32F4xx_HAL_Driver/Inc -I../Drivers/STM32F4xx_HAL_Driver/Inc/Legacy -I../Drivers/CMSIS/Device/ST/STM32F4xx/Include -I../Drivers/CMSIS/Include -I../USB_HOST/App -I../USB_HOST/Target -I../Middlewares/Third_Party/FreeRTOS/Source/include -I../Middlewares/Third_Party/FreeRTOS/Source/CMSIS_RTOS_V2 -I../Middlewares/Third_Party/FreeRTOS/Source/portable/GCC/ARM_CM4F -I../Middlewares/ST/STM32_USB_Host_Library/Core/Inc -I../Middlewares/ST/STM32_USB_Host_Library/Class/MSC/Inc -O0 -ffunction-sections -fdata-sections -Wall -fstack-usage -MMD -MP -MF"Drivers/STM32F4xx_HAL_Driver/Src/stm32f4xx_hal_rcc.d" -MT"Drivers/STM32F4xx_HAL_Driver/Src/stm32f4xx_hal_rcc.o" --specs=nano.specs -mfpu=fpv4-sp-d16 -mfloat-abi=hard -mthumb -o "Drivers/STM32F4xx_HAL_Driver/Src/stm32f4xx_hal_rcc.o"
arm-none-eabi-gcc "../Drivers/STM32F4xx_HAL_Driver/Src/stm32f4xx_hal_rcc_ex.c" -mcpu=cortex-m4 -std=gnu11 -g3 -DUSE_HAL_DRIVER -DSTM32F446xx -DDEBUG -c -I../Core/Inc -I../Drivers/STM32F4xx_HAL_Driver/Inc -I../Drivers/STM32F4xx_HAL_Driver/Inc/Legacy -I../Drivers/CMSIS/Device/ST/STM32F4xx/Include -I../Drivers/CMSIS/Include -I../USB_HOST/App -I../USB_HOST/Target -I../Middlewares/Third_Party/FreeRTOS/Source/include -I../Middlewares/Third_Party/FreeRTOS/Source/CMSIS_RTOS_V2 -I../Middlewares/Third_Party/FreeRTOS/Source/portable/GCC/ARM_CM4F -I../Middlewares/ST/STM32_USB_Host_Library/Core/Inc -I../Middlewares/ST/STM32_USB_Host_Library/Class/MSC/Inc -O0 -ffunction-sections -fdata-sections -Wall -fstack-usage -MMD -MP -MF"Drivers/STM32F4xx_HAL_Driver/Src/stm32f4xx_hal_rcc_ex.d" -MT"Drivers/STM32F4xx_HAL_Driver/Src/stm32f4xx_hal_rcc_ex.o" --specs=nano.specs -mfpu=fpv4-sp-d16 -mfloat-abi=hard -mthumb -o "Drivers/STM32F4xx_HAL_Driver/Src/stm32f4xx_hal_rcc_ex.o"
arm-none-eabi-gcc "../Drivers/STM32F4xx_HAL_Driver/Src/stm32f4xx_hal_tim.c" -mcpu=cortex-m4 -std=gnu11 -g3 -DUSE_HAL_DRIVER -DSTM32F446xx -DDEBUG -c -I../Core/Inc -I../Drivers/STM32F4xx_HAL_Driver/Inc -I../Drivers/STM32F4xx_HAL_Driver/Inc/Legacy -I../Drivers/CMSIS/Device/ST/STM32F4xx/Include -I../Drivers/CMSIS/Include -I../USB_HOST/App -I../USB_HOST/Target -I../Middlewares/Third_Party/FreeRTOS/Source/include -I../Middlewares/Third_Party/FreeRTOS/Source/CMSIS_RTOS_V2 -I../Middlewares/Third_Party/FreeRTOS/Source/portable/GCC/ARM_CM4F -I../Middlewares/ST/STM32_USB_Host_Library/Core/Inc -I../Middlewares/ST/STM32_USB_Host_Library/Class/MSC/Inc -O0 -ffunction-sections -fdata-sections -Wall -fstack-usage -MMD -MP -MF"Drivers/STM32F4xx_HAL_Driver/Src/stm32f4xx_hal_tim.d" -MT"Drivers/STM32F4xx_HAL_Driver/Src/stm32f4xx_hal_tim.o" --specs=nano.specs -mfpu=fpv4-sp-d16 -mfloat-abi=hard -mthumb -o "Drivers/STM32F4xx_HAL_Driver/Src/stm32f4xx_hal_tim.o"
arm-none-eabi-gcc "../Drivers/STM32F4xx_HAL_Driver/Src/stm32f4xx_hal_tim_ex.c" -mcpu=cortex-m4 -std=gnu11 -g3 -DUSE_HAL_DRIVER -DSTM32F446xx -DDEBUG -c -I../Core/Inc -I../Drivers/STM32F4xx_HAL_Driver/Inc -I../Drivers/STM32F4xx_HAL_Driver/Inc/Legacy -I../Drivers/CMSIS/Device/ST/STM32F4xx/Include -I../Drivers/CMSIS/Include -I../USB_HOST/App -I../USB_HOST/Target -I../Middlewares/Third_Party/FreeRTOS/Source/include -I../Middlewares/Third_Party/FreeRTOS/Source/CMSIS_RTOS_V2 -I../Middlewares/Third_Party/FreeRTOS/Source/portable/GCC/ARM_CM4F -I../Middlewares/ST/STM32_USB_Host_Library/Core/Inc -I../Middlewares/ST/STM32_USB_Host_Library/Class/MSC/Inc -O0 -ffunction-sections -fdata-sections -Wall -fstack-usage -MMD -MP -MF"Drivers/STM32F4xx_HAL_Driver/Src/stm32f4xx_hal_tim_ex.d" -MT"Drivers/STM32F4xx_HAL_Driver/Src/stm32f4xx_hal_tim_ex.o" --specs=nano.specs -mfpu=fpv4-sp-d16 -mfloat-abi=hard -mthumb -o "Drivers/STM32F4xx_HAL_Driver/Src/stm32f4xx_hal_tim_ex.o"
arm-none-eabi-gcc "../Drivers/STM32F4xx_HAL_Driver/Src/stm32f4xx_hal_uart.c" -mcpu=cortex-m4 -std=gnu11 -g3 -DUSE_HAL_DRIVER -DSTM32F446xx -DDEBUG -c -I../Core/Inc -I../Drivers/STM32F4xx_HAL_Driver/Inc -I../Drivers/STM32F4xx_HAL_Driver/Inc/Legacy -I../Drivers/CMSIS/Device/ST/STM32F4xx/Include -I../Drivers/CMSIS/Include -I../USB_HOST/App -I../USB_HOST/Target -I../Middlewares/Third_Party/FreeRTOS/Source/include -I../Middlewares/Third_Party/FreeRTOS/Source/CMSIS_RTOS_V2 -I../Middlewares/Third_Party/FreeRTOS/Source/portable/GCC/ARM_CM4F -I../Middlewares/ST/STM32_USB_Host_Library/Core/Inc -I../Middlewares/ST/STM32_USB_Host_Library/Class/MSC/Inc -O0 -ffunction-sections -fdata-sections -Wall -fstack-usage -MMD -MP -MF"Drivers/STM32F4xx_HAL_Driver/Src/stm32f4xx_hal_uart.d" -MT"Drivers/STM32F4xx_HAL_Driver/Src/stm32f4xx_hal_uart.o" --specs=nano.specs -mfpu=fpv4-sp-d16 -mfloat-abi=hard -mthumb -o "Drivers/STM32F4xx_HAL_Driver/Src/stm32f4xx_hal_uart.o"
arm-none-eabi-gcc "../Drivers/STM32F4xx_HAL_Driver/Src/stm32f4xx_ll_usb.c" -mcpu=cortex-m4 -std=gnu11 -g3 -DUSE_HAL_DRIVER -DSTM32F446xx -DDEBUG -c -I../Core/Inc -I../Drivers/STM32F4xx_HAL_Driver/Inc -I../Drivers/STM32F4xx_HAL_Driver/Inc/Legacy -I../Drivers/CMSIS/Device/ST/STM32F4xx/Include -I../Drivers/CMSIS/Include -I../USB_HOST/App -I../USB_HOST/Target -I../Middlewares/Third_Party/FreeRTOS/Source/include -I../Middlewares/Third_Party/FreeRTOS/Source/CMSIS_RTOS_V2 -I../Middlewares/Third_Party/FreeRTOS/Source/portable/GCC/ARM_CM4F -I../Middlewares/ST/STM32_USB_Host_Library/Core/Inc -I../Middlewares/ST/STM32_USB_Host_Library/Class/MSC/Inc -O0 -ffunction-sections -fdata-sections -Wall -fstack-usage -MMD -MP -MF"Drivers/STM32F4xx_HAL_Driver/Src/stm32f4xx_ll_usb.d" -MT"Drivers/STM32F4xx_HAL_Driver/Src/stm32f4xx_ll_usb.o" --specs=nano.specs -mfpu=fpv4-sp-d16 -mfloat-abi=hard -mthumb -o "Drivers/STM32F4xx_HAL_Driver/Src/stm32f4xx_ll_usb.o"
arm-none-eabi-gcc -mcpu=cortex-m4 -g3 -c -x assembler-with-cpp -MMD -MP -MF"Core/Startup/startup_stm32f446retx.d" -MT"Core/Startup/startup_stm32f446retx.o" --specs=nano.specs -mfpu=fpv4-sp-d16 -mfloat-abi=hard -mthumb -o "Core/Startup/startup_stm32f446retx.o" "../Core/Startup/startup_stm32f446retx.s"
arm-none-eabi-gcc "../Core/Src/freertos.c" -mcpu=cortex-m4 -std=gnu11 -g3 -DUSE_HAL_DRIVER -DSTM32F446xx -DDEBUG -c -I../Core/Inc -I../Drivers/STM32F4xx_HAL_Driver/Inc -I../Drivers/STM32F4xx_HAL_Driver/Inc/Legacy -I../Drivers/CMSIS/Device/ST/STM32F4xx/Include -I../Drivers/CMSIS/Include -I../USB_HOST/App -I../USB_HOST/Target -I../Middlewares/Third_Party/FreeRTOS/Source/include -I../Middlewares/Third_Party/FreeRTOS/Source/CMSIS_RTOS_V2 -I../Middlewares/Third_Party/FreeRTOS/Source/portable/GCC/ARM_CM4F -I../Middlewares/ST/STM32_USB_Host_Library/Core/Inc -I../Middlewares/ST/STM32_USB_Host_Library/Class/MSC/Inc -O0 -ffunction-sections -fdata-sections -Wall -fstack-usage -MMD -MP -MF"Core/Src/freertos.d" -MT"Core/Src/freertos.o" --specs=nano.specs -mfpu=fpv4-sp-d16 -mfloat-abi=hard -mthumb -o "Core/Src/freertos.o"
arm-none-eabi-gcc "../Core/Src/main.c" -mcpu=cortex-m4 -std=gnu11 -g3 -DUSE_HAL_DRIVER -DSTM32F446xx -DDEBUG -c -I../Core/Inc -I../Drivers/STM32F4xx_HAL_Driver/Inc -I../Drivers/STM32F4xx_HAL_Driver/Inc/Legacy -I../Drivers/CMSIS/Device/ST/STM32F4xx/Include -I../Drivers/CMSIS/Include -I../USB_HOST/App -I../USB_HOST/Target -I../Middlewares/Third_Party/FreeRTOS/Source/include -I../Middlewares/Third_Party/FreeRTOS/Source/CMSIS_RTOS_V2 -I../Middlewares/Third_Party/FreeRTOS/Source/portable/GCC/ARM_CM4F -I../Middlewares/ST/STM32_USB_Host_Library/Core/Inc -I../Middlewares/ST/STM32_USB_Host_Library/Class/MSC/Inc -O0 -ffunction-sections -fdata-sections -Wall -fstack-usage -MMD -MP -MF"Core/Src/main.d" -MT"Core/Src/main.o" --specs=nano.specs -mfpu=fpv4-sp-d16 -mfloat-abi=hard -mthumb -o "Core/Src/main.o"
arm-none-eabi-gcc "../Core/Src/stm32f4xx_hal_msp.c" -mcpu=cortex-m4 -std=gnu11 -g3 -DUSE_HAL_DRIVER -DSTM32F446xx -DDEBUG -c -I../Core/Inc -I../Drivers/STM32F4xx_HAL_Driver/Inc -I../Drivers/STM32F4xx_HAL_Driver/Inc/Legacy -I../Drivers/CMSIS/Device/ST/STM32F4xx/Include -I../Drivers/CMSIS/Include -I../USB_HOST/App -I../USB_HOST/Target -I../Middlewares/Third_Party/FreeRTOS/Source/include -I../Middlewares/Third_Party/FreeRTOS/Source/CMSIS_RTOS_V2 -I../Middlewares/Third_Party/FreeRTOS/Source/portable/GCC/ARM_CM4F -I../Middlewares/ST/STM32_USB_Host_Library/Core/Inc -I../Middlewares/ST/STM32_USB_Host_Library/Class/MSC/Inc -O0 -ffunction-sections -fdata-sections -Wall -fstack-usage -MMD -MP -MF"Core/Src/stm32f4xx_hal_msp.d" -MT"Core/Src/stm32f4xx_hal_msp.o" --specs=nano.specs -mfpu=fpv4-sp-d16 -mfloat-abi=hard -mthumb -o "Core/Src/stm32f4xx_hal_msp.o"
arm-none-eabi-gcc "../Core/Src/stm32f4xx_hal_timebase_tim.c" -mcpu=cortex-m4 -std=gnu11 -g3 -DUSE_HAL_DRIVER -DSTM32F446xx -DDEBUG -c -I../Core/Inc -I../Drivers/STM32F4xx_HAL_Driver/Inc -I../Drivers/STM32F4xx_HAL_Driver/Inc/Legacy -I../Drivers/CMSIS/Device/ST/STM32F4xx/Include -I../Drivers/CMSIS/Include -I../USB_HOST/App -I../USB_HOST/Target -I../Middlewares/Third_Party/FreeRTOS/Source/include -I../Middlewares/Third_Party/FreeRTOS/Source/CMSIS_RTOS_V2 -I../Middlewares/Third_Party/FreeRTOS/Source/portable/GCC/ARM_CM4F -I../Middlewares/ST/STM32_USB_Host_Library/Core/Inc -I../Middlewares/ST/STM32_USB_Host_Library/Class/MSC/Inc -O0 -ffunction-sections -fdata-sections -Wall -fstack-usage -MMD -MP -MF"Core/Src/stm32f4xx_hal_timebase_tim.d" -MT"Core/Src/stm32f4xx_hal_timebase_tim.o" --specs=nano.specs -mfpu=fpv4-sp-d16 -mfloat-abi=hard -mthumb -o "Core/Src/stm32f4xx_hal_timebase_tim.o"
arm-none-eabi-gcc "../Core/Src/stm32f4xx_it.c" -mcpu=cortex-m4 -std=gnu11 -g3 -DUSE_HAL_DRIVER -DSTM32F446xx -DDEBUG -c -I../Core/Inc -I../Drivers/STM32F4xx_HAL_Driver/Inc -I../Drivers/STM32F4xx_HAL_Driver/Inc/Legacy -I../Drivers/CMSIS/Device/ST/STM32F4xx/Include -I../Drivers/CMSIS/Include -I../USB_HOST/App -I../USB_HOST/Target -I../Middlewares/Third_Party/FreeRTOS/Source/include -I../Middlewares/Third_Party/FreeRTOS/Source/CMSIS_RTOS_V2 -I../Middlewares/Third_Party/FreeRTOS/Source/portable/GCC/ARM_CM4F -I../Middlewares/ST/STM32_USB_Host_Library/Core/Inc -I../Middlewares/ST/STM32_USB_Host_Library/Class/MSC/Inc -O0 -ffunction-sections -fdata-sections -Wall -fstack-usage -MMD -MP -MF"Core/Src/stm32f4xx_it.d" -MT"Core/Src/stm32f4xx_it.o" --specs=nano.specs -mfpu=fpv4-sp-d16 -mfloat-abi=hard -mthumb -o "Core/Src/stm32f4xx_it.o"
arm-none-eabi-gcc "../Core/Src/syscalls.c" -mcpu=cortex-m4 -std=gnu11 -g3 -DUSE_HAL_DRIVER -DSTM32F446xx -DDEBUG -c -I../Core/Inc -I../Drivers/STM32F4xx_HAL_Driver/Inc -I../Drivers/STM32F4xx_HAL_Driver/Inc/Legacy -I../Drivers/CMSIS/Device/ST/STM32F4xx/Include -I../Drivers/CMSIS/Include -I../USB_HOST/App -I../USB_HOST/Target -I../Middlewares/Third_Party/FreeRTOS/Source/include -I../Middlewares/Third_Party/FreeRTOS/Source/CMSIS_RTOS_V2 -I../Middlewares/Third_Party/FreeRTOS/Source/portable/GCC/ARM_CM4F -I../Middlewares/ST/STM32_USB_Host_Library/Core/Inc -I../Middlewares/ST/STM32_USB_Host_Library/Class/MSC/Inc -O0 -ffunction-sections -fdata-sections -Wall -fstack-usage -MMD -MP -MF"Core/Src/syscalls.d" -MT"Core/Src/syscalls.o" --specs=nano.specs -mfpu=fpv4-sp-d16 -mfloat-abi=hard -mthumb -o "Core/Src/syscalls.o"
arm-none-eabi-gcc "../Core/Src/sysmem.c" -mcpu=cortex-m4 -std=gnu11 -g3 -DUSE_HAL_DRIVER -DSTM32F446xx -DDEBUG -c -I../Core/Inc -I../Drivers/STM32F4xx_HAL_Driver/Inc -I../Drivers/STM32F4xx_HAL_Driver/Inc/Legacy -I../Drivers/CMSIS/Device/ST/STM32F4xx/Include -I../Drivers/CMSIS/Include -I../USB_HOST/App -I../USB_HOST/Target -I../Middlewares/Third_Party/FreeRTOS/Source/include -I../Middlewares/Third_Party/FreeRTOS/Source/CMSIS_RTOS_V2 -I../Middlewares/Third_Party/FreeRTOS/Source/portable/GCC/ARM_CM4F -I../Middlewares/ST/STM32_USB_Host_Library/Core/Inc -I../Middlewares/ST/STM32_USB_Host_Library/Class/MSC/Inc -O0 -ffunction-sections -fdata-sections -Wall -fstack-usage -MMD -MP -MF"Core/Src/sysmem.d" -MT"Core/Src/sysmem.o" --specs=nano.specs -mfpu=fpv4-sp-d16 -mfloat-abi=hard -mthumb -o "Core/Src/sysmem.o"
arm-none-eabi-gcc "../Core/Src/system_stm32f4xx.c" -mcpu=cortex-m4 -std=gnu11 -g3 -DUSE_HAL_DRIVER -DSTM32F446xx -DDEBUG -c -I../Core/Inc -I../Drivers/STM32F4xx_HAL_Driver/Inc -I../Drivers/STM32F4xx_HAL_Driver/Inc/Legacy -I../Drivers/CMSIS/Device/ST/STM32F4xx/Include -I../Drivers/CMSIS/Include -I../USB_HOST/App -I../USB_HOST/Target -I../Middlewares/Third_Party/FreeRTOS/Source/include -I../Middlewares/Third_Party/FreeRTOS/Source/CMSIS_RTOS_V2 -I../Middlewares/Third_Party/FreeRTOS/Source/portable/GCC/ARM_CM4F -I../Middlewares/ST/STM32_USB_Host_Library/Core/Inc -I../Middlewares/ST/STM32_USB_Host_Library/Class/MSC/Inc -O0 -ffunction-sections -fdata-sections -Wall -fstack-usage -MMD -MP -MF"Core/Src/system_stm32f4xx.d" -MT"Core/Src/system_stm32f4xx.o" --specs=nano.specs -mfpu=fpv4-sp-d16 -mfloat-abi=hard -mthumb -o "Core/Src/system_stm32f4xx.o"
arm-none-eabi-gcc -o "empty_project.elf" @"objects.list"   -mcpu=cortex-m4 -T"C:\Users\Thomas\SynologyDrive\Enseignement\2020-2021\Embedded_OS\Universal-HID-Translator-corr\usbh_hid_generic\examples\empty_project\STM32F446RETX_FLASH.ld" --specs=nosys.specs -Wl,-Map="empty_project.map" -Wl,--gc-sections -static --specs=nano.specs -mfpu=fpv4-sp-d16 -mfloat-abi=hard -mthumb -Wl,--start-group -lc -lm -Wl,--end-group
Finished building target: empty_project.elf
 
arm-none-eabi-size   empty_project.elf 
arm-none-eabi-objdump -h -S  empty_project.elf  > "empty_project.list"
arm-none-eabi-objcopy  -O binary  empty_project.elf  "empty_project.bin"
   text	   data	    bss	    dec	    hex	filename
  48080	    156	  22228	  70464	  11340	empty_project.elf
Finished building: default.size.stdout
 
Finished building: empty_project.bin
 
Finished building: empty_project.list
 

10:43:46 Build Finished. 0 errors, 52 warnings. (took 11s.538ms)

